Component: Arm Compiler for Embedded 6.21 Tool: armlink [5ec1fa00]

==============================================================================

Section Cross References

    main.o(.text.main) refers to systick.o(.text.systick_config) for systick_config
    main.o(.text.main) refers to main.o(.text.nvic_configuration) for nvic_configuration
    main.o(.text.main) refers to uart.o(.text.UART_Init) for UART_Init
    main.o(.text.main) refers to uart.o(.text.UART3_Init) for UART3_Init
    main.o(.text.main) refers to sg90.o(.text.SG90_Init) for SG90_Init
    main.o(.text.main) refers to led.o(.text.LED_Init) for LED_Init
    main.o(.text.main) refers to exmc_sdram.o(.text.exmc_synchronous_dynamic_ram_init) for exmc_synchronous_dynamic_ram_init
    main.o(.text.main) refers to systick.o(.text.delay_1ms) for delay_1ms
    main.o(.text.main) refers to main.o(.text.key_config) for key_config
    main.o(.text.main) refers to dci_ov2640.o(.text.dci_ov2640_init) for dci_ov2640_init
    main.o(.text.main) refers to dci_ov2640.o(.text.dci_ov2640_id_read) for dci_ov2640_id_read
    main.o(.text.main) refers to gd32f5xx_dma.o(.text.dma_interrupt_enable) for dma_interrupt_enable
    main.o(.text.main) refers to gd32f5xx_dma.o(.text.dma_channel_enable) for dma_channel_enable
    main.o(.text.main) refers to gd32f5xx_dci.o(.text.dci_enable) for dci_enable
    main.o(.text.main) refers to gd32f5xx_dci.o(.text.dci_capture_enable) for dci_capture_enable
    main.o(.text.main) refers to main.o(.text.lcd_config) for lcd_config
    main.o(.text.main) refers to gd32f5xx_tli.o(.text.tli_layer_enable) for tli_layer_enable
    main.o(.text.main) refers to gd32f5xx_tli.o(.text.tli_reload_config) for tli_reload_config
    main.o(.text.main) refers to gd32f5xx_tli.o(.text.tli_enable) for tli_enable
    main.o(.text.main) refers to rc522.o(.text.MFRC522_Init) for MFRC522_Init
    main.o(.text.main) refers to esp8266.o(.text.ESP8266_Init) for ESP8266_Init
    main.o(.text.main) refers to main.o(.rodata.str1.1) for .L.str
    main.o(.text.main) refers to esp8266.o(.text.ESP8266_SendCmd) for ESP8266_SendCmd
    main.o(.text.main) refers to onenet.o(.text.OneNet_DevLink) for OneNet_DevLink
    main.o(.text.main) refers to onenet.o(.text.OneNET_Subscribe) for OneNET_Subscribe
    main.o(.text.main) refers to main.o(.bss.buf) for buf
    main.o(.text.main) refers to rc522.o(.text.MFRC522_Request) for MFRC522_Request
    main.o(.text.main) refers to rc522.o(.text.MFRC522_Reset) for MFRC522_Reset
    main.o(.text.main) refers to rc522.o(.text.MFRC522_AntennaOff) for MFRC522_AntennaOff
    main.o(.text.main) refers to rc522.o(.text.MFRC522_AntennaOn) for MFRC522_AntennaOn
    main.o(.text.main) refers to rc522.o(.text.MFRC522_Anticoll) for MFRC522_Anticoll
    main.o(.text.main) refers to tftlcd.o(.text.byte_array_to_hex_string) for byte_array_to_hex_string
    main.o(.text.main) refers to tftlcd.o(.text.clear_text_area) for clear_text_area
    main.o(.text.main) refers to tftlcd.o(.text.draw_string_on_image) for draw_string_on_image
    main.o(.text.main) refers to main.o(.bss.cardid) for cardid
    main.o(.text.main) refers to gd32f5xx_gpio.o(.text.gpio_bit_set) for gpio_bit_set
    main.o(.text.main) refers to gd32f5xx_gpio.o(.text.gpio_bit_reset) for gpio_bit_reset
    main.o(.text.main) refers to gd32f5xx_usart.o(.text.usart_data_transmit) for usart_data_transmit
    main.o(.text.main) refers to onenet.o(.text.OneNet_SendData) for OneNet_SendData
    main.o(.text.main) refers to esp8266.o(.text.ESP8266_GetIPD) for ESP8266_GetIPD
    main.o(.text.main) refers to onenet.o(.text.OneNet_RevPro) for OneNet_RevPro
    main.o(.ARM.exidx.text.main) refers to main.o(.text.main) for [Anonymous Symbol]
    main.o(.text.nvic_configuration) refers to gd32f5xx_misc.o(.text.nvic_priority_group_set) for nvic_priority_group_set
    main.o(.text.nvic_configuration) refers to gd32f5xx_misc.o(.text.nvic_irq_enable) for nvic_irq_enable
    main.o(.ARM.exidx.text.nvic_configuration) refers to main.o(.text.nvic_configuration) for [Anonymous Symbol]
    main.o(.text.key_config) refers to gd32f5xx_rcu.o(.text.rcu_periph_clock_enable) for rcu_periph_clock_enable
    main.o(.text.key_config) refers to gd32f5xx_gpio.o(.text.gpio_mode_set) for gpio_mode_set
    main.o(.text.key_config) refers to gd32f5xx_syscfg.o(.text.syscfg_exti_line_config) for syscfg_exti_line_config
    main.o(.text.key_config) refers to gd32f5xx_exti.o(.text.exti_init) for exti_init
    main.o(.text.key_config) refers to gd32f5xx_exti.o(.text.exti_interrupt_flag_clear) for exti_interrupt_flag_clear
    main.o(.text.key_config) refers to gd32f5xx_misc.o(.text.nvic_irq_enable) for nvic_irq_enable
    main.o(.ARM.exidx.text.key_config) refers to main.o(.text.key_config) for [Anonymous Symbol]
    main.o(.text.lcd_config) refers to gd32f5xx_rcu.o(.text.rcu_periph_clock_enable) for rcu_periph_clock_enable
    main.o(.text.lcd_config) refers to main.o(.text.lcd_gpio_config) for lcd_gpio_config
[...]
    .L.str.36                                0x0806d33b   Data          22  onenet.o(.rodata.str1.1)
    .L.str.29                                0x0806d351   Data          22  onenet.o(.rodata.str1.1)
    .L.str.34                                0x0806d367   Data          29  onenet.o(.rodata.str1.1)
    .L.str.44                                0x0806d384   Data          38  onenet.o(.rodata.str1.1)
    .L.str.12                                0x0806d3aa   Data          46  onenet.o(.rodata.str1.1)
    .L.str.28                                0x0806d3d8   Data          16  onenet.o(.rodata.str1.1)
    .L.str.13                                0x0806d3e8   Data          21  onenet.o(.rodata.str1.1)
    .L.str.16                                0x0806d3fd   Data          39  onenet.o(.rodata.str1.1)
    .L.str.17                                0x0806d424   Data          48  onenet.o(.rodata.str1.1)
    .L.str.19                                0x0806d454   Data          35  onenet.o(.rodata.str1.1)
    .L.str.14                                0x0806d477   Data          36  onenet.o(.rodata.str1.1)
    .L.str.24                                0x0806d4e4   Data          20  onenet.o(.rodata.str1.1)
    .L.str.25                                0x0806d4f8   Data          21  onenet.o(.rodata.str1.1)
    .L.str.22                                0x0806d50d   Data          27  onenet.o(.rodata.str1.1)
    .L.str.23                                0x0806d528   Data          27  onenet.o(.rodata.str1.1)
    .L.str.53                                0x0806d543   Data           4  onenet.o(.rodata.str1.1)
    .L.str.2                                 0x0806d547   Data          11  onenet.o(.rodata.str1.1)
    .L.str.48                                0x0806d552   Data           5  onenet.o(.rodata.str1.1)
    .L.str.6                                 0x0806d557   Data           9  onenet.o(.rodata.str1.1)
    .L.str.57                                0x0806d560   Data           4  onenet.o(.rodata.str1.1)
    .L.str.39                                0x0806d564   Data           5  onenet.o(.rodata.str1.1)
    .L.str.56                                0x0806d569   Data           4  onenet.o(.rodata.str1.1)
    .L.str.58                                0x0806d56d   Data           4  onenet.o(.rodata.str1.1)
    .L.str.4                                 0x0806d571   Data          45  onenet.o(.rodata.str1.1)
    .L.str.52                                0x0806d59e   Data           4  onenet.o(.rodata.str1.1)
    .L.str.59                                0x0806d5a2   Data           4  onenet.o(.rodata.str1.1)
    .L.str.54                                0x0806d5a6   Data           4  onenet.o(.rodata.str1.1)
    .L.str.55                                0x0806d5aa   Data           4  onenet.o(.rodata.str1.1)
    .L.str.3                                 0x0806d5ae   Data          11  onenet.o(.rodata.str1.1)
    .L.str.41                                0x0806d5c0   Data           3  onenet.o(.rodata.str1.1)
    .L.str.49                                0x0806d5c3   Data          32  onenet.o(.rodata.str1.1)
    .L.str.47                                0x0806d5e3   Data          21  onenet.o(.rodata.str1.1)
    .L.str.51                                0x0806d5f8   Data          71  onenet.o(.rodata.str1.1)
    .L.str.50                                0x0806d63f   Data          54  onenet.o(.rodata.str1.1)
    .L.str.38                                0x0806d675   Data           7  onenet.o(.rodata.str1.1)
    .L.str.35                                0x0806d67c   Data          30  onenet.o(.rodata.str1.1)
    .L.str.40                                0x0806d69a   Data          36  onenet.o(.rodata.str1.1)
    .L.str.21                                0x0806d6be   Data          23  onenet.o(.rodata.str1.1)
    .L.str.26                                0x0806d764   Data          24  onenet.o(.rodata.str1.1)
    .L.str.42                                0x0806d77c   Data          39  onenet.o(.rodata.str1.1)
    .L.str.43                                0x0806d7a3   Data          29  onenet.o(.rodata.str1.1)
    .L.str.27                                0x0806d7c0   Data           3  onenet.o(.rodata.str1.1)
    .L.str.1                                 0x0806d7c2   Data           1  onenet.o(.rodata.str1.1)
    .data                                    0x20000000   Section        4  stdout.o(.data)
    .data                                    0x20000004   Section        4  mvars.o(.data)
    .data                                    0x20000008   Section        4  mvars.o(.data)
    _errno                                   0x2000000c   Data           4  errno.o(.data)
    .data                                    0x2000000c   Section        4  errno.o(.data)
    cJSON_free                               0x20000014   Data           4  cjson.o(.data.cJSON_free)
    [Anonymous Symbol]                       0x20000014   Section        0  cjson.o(.data.cJSON_free)
    cJSON_malloc                             0x20000018   Data           4  cjson.o(.data.cJSON_malloc)
    [Anonymous Symbol]                       0x20000018   Section        0  cjson.o(.data.cJSON_malloc)
    OneNet_RevPro.pkt_id                     0x20000028   Data           2  onenet.o(.bss.OneNet_RevPro.pkt_id)
    [Anonymous Symbol]                       0x20000028   Section        0  onenet.o(.bss.OneNet_RevPro.pkt_id)
    delay                                    0x20000054   Data           4  systick.o(.bss.delay)
    [Anonymous Symbol]                       0x20000054   Section        0  systick.o(.bss.delay)
    ep                                       0x20000068   Data           4  cjson.o(.bss.ep)
    [Anonymous Symbol]                       0x20000068   Section        0  cjson.o(.bss.ep)
    HEAP                                     0x20000300   Section     1024  startup_gd32f5xx.o(HEAP)
    STACK                                    0x20000700   Section     1024  startup_gd32f5xx.o(STACK)

    Global Symbols

    Symbol Name                              Value     Ov Type        Size  Object(Section)

    BuildAttributes$$THM_ISAv4$P$D$K$B$S$8M$VFPi5$EXTD16$VFPS$VFMA$PE$A:L22UL41UL21$X:L11$S22US41US21$IEEE1$IW$~IW$USESV6$~STKCKD$USESV7$~SHL$OTIME$ROPI$IEEEX$EBA8$MICROLIB$REQ8$PRES8$EABIv2 0x00000000   Number         0  anon$$obj.o ABSOLUTE
    __cpp_initialize__aeabi_                  - Undefined Weak Reference
    __cxa_finalize                            - Undefined Weak Reference
    __decompress                              - Undefined Weak Reference
    _clock_init                               - Undefined Weak Reference
    _microlib_exit                            - Undefined Weak Reference
    __Vectors_Size                           0x000001e0   Number         0  startup_gd32f5xx.o ABSOLUTE
    __Vectors                                0x08000000   Data           4  startup_gd32f5xx.o(RESET)
    __Vectors_End                            0x080001e0   Data           0  startup_gd32f5xx.o(RESET)
    __main                                   0x080001e1   Thumb Code     0  entry.o(.ARM.Collect$$$$00000000)
    _main_stk                                0x080001e1   Thumb Code     0  entry2.o(.ARM.Collect$$$$00000001)
    _main_scatterload                        0x080001e5   Thumb Code     0  entry5.o(.ARM.Collect$$$$00000004)
    __main_after_scatterload                 0x080001e9   Thumb Code     0  entry5.o(.ARM.Collect$$$$00000004)
    _main_clock                              0x080001e9   Thumb Code     0  entry7b.o(.ARM.Collect$$$$00000008)
    _main_cpp_init                           0x080001e9   Thumb Code     0  entry8b.o(.ARM.Collect$$$$0000000A)
    _main_init                               0x080001e9   Thumb Code     0  entry9a.o(.ARM.Collect$$$$0000000B)
    __rt_final_cpp                           0x080001f1   Thumb Code     0  entry10a.o(.ARM.Collect$$$$0000000D)
    __rt_final_exit                          0x080001f1   Thumb Code     0  entry11a.o(.ARM.Collect$$$$0000000F)
    Reset_Handler                            0x080001f5   Thumb Code    66  startup_gd32f5xx.o(.text)
    ADC_IRQHandler                           0x08000249   Thumb Code     0  startup_gd32f5xx.o(.text)
    CAN0_EWMC_IRQHandler                     0x08000249   Thumb Code     0  startup_gd32f5xx.o(.text)
    CAN0_RX0_IRQHandler                      0x08000249   Thumb Code     0  startup_gd32f5xx.o(.text)
    CAN0_RX1_IRQHandler                      0x08000249   Thumb Code     0  startup_gd32f5xx.o(.text)
    CAN0_TX_IRQHandler                       0x08000249   Thumb Code     0  startup_gd32f5xx.o(.text)
    CAN1_EWMC_IRQHandler                     0x08000249   Thumb Code     0  startup_gd32f5xx.o(.text)
    CAN1_RX0_IRQHandler                      0x08000249   Thumb Code     0  startup_gd32f5xx.o(.text)
    CAN1_RX1_IRQHandler                      0x08000249   Thumb Code     0  startup_gd32f5xx.o(.text)
    CAN1_TX_IRQHandler                       0x08000249   Thumb Code     0  startup_gd32f5xx.o(.text)
    CAU_IRQHandler                           0x08000249   Thumb Code     0  startup_gd32f5xx.o(.text)
    DCI_IRQHandler                           0x08000249   Thumb Code     0  startup_gd32f5xx.o(.text)
    DMA0_Channel0_IRQHandler                 0x08000249   Thumb Code     0  startup_gd32f5xx.o(.text)
    DMA0_Channel1_IRQHandler                 0x08000249   Thumb Code     0  startup_gd32f5xx.o(.text)
    DMA0_Channel2_IRQHandler                 0x08000249   Thumb Code     0  startup_gd32f5xx.o(.text)
    DMA0_Channel3_IRQHandler                 0x08000249   Thumb Code     0  startup_gd32f5xx.o(.text)
    DMA0_Channel4_IRQHandler                 0x08000249   Thumb Code     0  startup_gd32f5xx.o(.text)
    DMA0_Channel5_IRQHandler                 0x08000249   Thumb Code     0  startup_gd32f5xx.o(.text)
    DMA0_Channel6_IRQHandler                 0x08000249   Thumb Code     0  startup_gd32f5xx.o(.text)
    DMA0_Channel7_IRQHandler                 0x08000249   Thumb Code     0  startup_gd32f5xx.o(.text)
    DMA1_Channel0_IRQHandler                 0x08000249   Thumb Code     0  startup_gd32f5xx.o(.text)
    DMA1_Channel1_IRQHandler                 0x08000249   Thumb Code     0  startup_gd32f5xx.o(.text)
    DMA1_Channel2_IRQHandler                 0x08000249   Thumb Code     0  startup_gd32f5xx.o(.text)
    DMA1_Channel3_IRQHandler                 0x08000249   Thumb Code     0  startup_gd32f5xx.o(.text)
    DMA1_Channel4_IRQHandler                 0x08000249   Thumb Code     0  startup_gd32f5xx.o(.text)
    DMA1_Channel5_IRQHandler                 0x08000249   Thumb Code     0  startup_gd32f5xx.o(.text)
    DMA1_Channel6_IRQHandler                 0x08000249   Thumb Code     0  startup_gd32f5xx.o(.text)
    ENET_IRQHandler                          0x08000249   Thumb Code     0  startup_gd32f5xx.o(.text)
    ENET_WKUP_IRQHandler                     0x08000249   Thumb Code     0  startup_gd32f5xx.o(.text)
    EXMC_IRQHandler                          0x08000249   Thumb Code     0  startup_gd32f5xx.o(.text)
    EXTI1_IRQHandler                         0x08000249   Thumb Code     0  startup_gd32f5xx.o(.text)
    EXTI2_IRQHandler                         0x08000249   Thumb Code     0  startup_gd32f5xx.o(.text)
    EXTI3_IRQHandler                         0x08000249   Thumb Code     0  startup_gd32f5xx.o(.text)
    EXTI4_IRQHandler                         0x08000249   Thumb Code     0  startup_gd32f5xx.o(.text)
    EXTI5_9_IRQHandler                       0x08000249   Thumb Code     0  startup_gd32f5xx.o(.text)
    FMC_IRQHandler                           0x08000249   Thumb Code     0  startup_gd32f5xx.o(.text)
    FPU_IRQHandler                           0x08000249   Thumb Code     0  startup_gd32f5xx.o(.text)
    HAU_IRQHandler                           0x08000249   Thumb Code     0  startup_gd32f5xx.o(.text)
    I2C0_ER_IRQHandler                       0x08000249   Thumb Code     0  startup_gd32f5xx.o(.text)
    I2C0_EV_IRQHandler                       0x08000249   Thumb Code     0  startup_gd32f5xx.o(.text)
    I2C1_ER_IRQHandler                       0x08000249   Thumb Code     0  startup_gd32f5xx.o(.text)
    I2C1_EV_IRQHandler                       0x08000249   Thumb Code     0  startup_gd32f5xx.o(.text)
    I2C2_ER_IRQHandler                       0x08000249   Thumb Code     0  startup_gd32f5xx.o(.text)
    I2C2_EV_IRQHandler                       0x08000249   Thumb Code     0  startup_gd32f5xx.o(.text)
    I2C3_ER_IRQHandler                       0x08000249   Thumb Code     0  startup_gd32f5xx.o(.text)
    I2C3_EV_IRQHandler                       0x08000249   Thumb Code     0  startup_gd32f5xx.o(.text)
    I2C3_WKUP_IRQHandler                     0x08000249   Thumb Code     0  startup_gd32f5xx.o(.text)
    I2C4_ER_IRQHandler                       0x08000249   Thumb Code     0  startup_gd32f5xx.o(.text)
    I2C4_EV_IRQHandler                       0x08000249   Thumb Code     0  startup_gd32f5xx.o(.text)
    I2C4_WKUP_IRQHandler                     0x08000249   Thumb Code     0  startup_gd32f5xx.o(.text)
    I2C5_ER_IRQHandler                       0x08000249   Thumb Code     0  startup_gd32f5xx.o(.text)
    I2C5_EV_IRQHandler                       0x08000249   Thumb Code     0  startup_gd32f5xx.o(.text)
    I2C5_WKUP_IRQHandler                     0x08000249   Thumb Code     0  startup_gd32f5xx.o(.text)
    IPA_IRQHandler                           0x08000249   Thumb Code     0  startup_gd32f5xx.o(.text)
    LVD_IRQHandler                           0x08000249   Thumb Code     0  startup_gd32f5xx.o(.text)
    PKCAU_IRQHandler                         0x08000249   Thumb Code     0  startup_gd32f5xx.o(.text)
    RCU_CTC_IRQHandler                       0x08000249   Thumb Code     0  startup_gd32f5xx.o(.text)
    RTC_Alarm_IRQHandler                     0x08000249   Thumb Code     0  startup_gd32f5xx.o(.text)
    RTC_WKUP_IRQHandler                      0x08000249   Thumb Code     0  startup_gd32f5xx.o(.text)
    SAI_IRQHandler                           0x08000249   Thumb Code     0  startup_gd32f5xx.o(.text)
    SDIO_IRQHandler                          0x08000249   Thumb Code     0  startup_gd32f5xx.o(.text)
    SPI0_IRQHandler                          0x08000249   Thumb Code     0  startup_gd32f5xx.o(.text)
    SPI1_IRQHandler                          0x08000249   Thumb Code     0  startup_gd32f5xx.o(.text)
    SPI2_IRQHandler                          0x08000249   Thumb Code     0  startup_gd32f5xx.o(.text)
    SPI3_IRQHandler                          0x08000249   Thumb Code     0  startup_gd32f5xx.o(.text)
    SPI4_IRQHandler                          0x08000249   Thumb Code     0  startup_gd32f5xx.o(.text)
    SPI5_IRQHandler                          0x08000249   Thumb Code     0  startup_gd32f5xx.o(.text)
    SYSCFG_SINGLE_BIT_ECC_ER_IRQHandler      0x08000249   Thumb Code     0  startup_gd32f5xx.o(.text)
    TAMPER_STAMP_IRQHandler                  0x08000249   Thumb Code     0  startup_gd32f5xx.o(.text)
    TIMER0_BRK_TIMER8_IRQHandler             0x08000249   Thumb Code     0  startup_gd32f5xx.o(.text)
    TIMER0_Channel_IRQHandler                0x08000249   Thumb Code     0  startup_gd32f5xx.o(.text)
    TIMER0_TRG_CMT_TIMER10_IRQHandler        0x08000249   Thumb Code     0  startup_gd32f5xx.o(.text)
    TIMER0_UP_TIMER9_IRQHandler              0x08000249   Thumb Code     0  startup_gd32f5xx.o(.text)
    TIMER1_IRQHandler                        0x08000249   Thumb Code     0  startup_gd32f5xx.o(.text)
    TIMER2_IRQHandler                        0x08000249   Thumb Code     0  startup_gd32f5xx.o(.text)
    TIMER3_IRQHandler                        0x08000249   Thumb Code     0  startup_gd32f5xx.o(.text)
    TIMER4_IRQHandler                        0x08000249   Thumb Code     0  startup_gd32f5xx.o(.text)
    TIMER5_DAC_IRQHandler                    0x08000249   Thumb Code     0  startup_gd32f5xx.o(.text)
    TIMER6_IRQHandler                        0x08000249   Thumb Code     0  startup_gd32f5xx.o(.text)
    TIMER7_BRK_TIMER11_IRQHandler            0x08000249   Thumb Code     0  startup_gd32f5xx.o(.text)
    TIMER7_Channel_IRQHandler                0x08000249   Thumb Code     0  startup_gd32f5xx.o(.text)
    TIMER7_TRG_CMT_TIMER13_IRQHandler        0x08000249   Thumb Code     0  startup_gd32f5xx.o(.text)
    TIMER7_UP_TIMER12_IRQHandler             0x08000249   Thumb Code     0  startup_gd32f5xx.o(.text)
    TLI_ER_IRQHandler                        0x08000249   Thumb Code     0  startup_gd32f5xx.o(.text)
    TLI_IRQHandler                           0x08000249   Thumb Code     0  startup_gd32f5xx.o(.text)
    TRNG_IRQHandler                          0x08000249   Thumb Code     0  startup_gd32f5xx.o(.text)
    UART3_IRQHandler                         0x08000249   Thumb Code     0  startup_gd32f5xx.o(.text)
    UART4_IRQHandler                         0x08000249   Thumb Code     0  startup_gd32f5xx.o(.text)
    UART6_IRQHandler                         0x08000249   Thumb Code     0  startup_gd32f5xx.o(.text)
    UART7_IRQHandler                         0x08000249   Thumb Code     0  startup_gd32f5xx.o(.text)
    USART0_IRQHandler                        0x08000249   Thumb Code     0  startup_gd32f5xx.o(.text)
    USART5_IRQHandler                        0x08000249   Thumb Code     0  startup_gd32f5xx.o(.text)
    USBFS_IRQHandler                         0x08000249   Thumb Code     0  startup_gd32f5xx.o(.text)
    USBFS_WKUP_IRQHandler                    0x08000249   Thumb Code     0  startup_gd32f5xx.o(.text)
    USBHS_EP1_In_IRQHandler                  0x08000249   Thumb Code     0  startup_gd32f5xx.o(.text)
    USBHS_EP1_Out_IRQHandler                 0x08000249   Thumb Code     0  startup_gd32f5xx.o(.text)
    USBHS_IRQHandler                         0x08000249   Thumb Code     0  startup_gd32f5xx.o(.text)
    USBHS_WKUP_IRQHandler                    0x08000249   Thumb Code     0  startup_gd32f5xx.o(.text)
    WWDGT_IRQHandler                         0x08000249   Thumb Code     0  startup_gd32f5xx.o(.text)
    __aeabi_uldivmod                         0x08000259   Thumb Code    98  uldiv.o(.text)
    tolower                                  0x080002bb   Thumb Code    12  tolower.o(.text)
    __aeabi_memcpy                           0x080002c7   Thumb Code    36  memcpya.o(.text)
    __aeabi_memcpy4                          0x080002c7   Thumb Code     0  memcpya.o(.text)
    __aeabi_memcpy8                          0x080002c7   Thumb Code     0  memcpya.o(.text)
    __aeabi_memset                           0x080002eb   Thumb Code    14  memseta.o(.text)
    __aeabi_memset4                          0x080002eb   Thumb Code     0  memseta.o(.text)
    __aeabi_memset8                          0x080002eb   Thumb Code     0  memseta.o(.text)
    __aeabi_memclr                           0x080002f9   Thumb Code     4  memseta.o(.text)
    __aeabi_memclr4                          0x080002f9   Thumb Code     0  memseta.o(.text)
    __aeabi_memclr8                          0x080002f9   Thumb Code     0  memseta.o(.text)
    _memset$wrapper                          0x080002fd   Thumb Code    18  memseta.o(.text)
    strcat                                   0x0800030f   Thumb Code    24  strcat.o(.text)
    strstr                                   0x08000327   Thumb Code    36  strstr.o(.text)
    strchr                                   0x0800034b   Thumb Code    20  strchr.o(.text)
    strlen                                   0x0800035f   Thumb Code    14  strlen.o(.text)
    strncat                                  0x0800036d   Thumb Code    40  strncat.o(.text)
    strcpy                                   0x08000395   Thumb Code    18  strcpy.o(.text)
    strncmp                                  0x080003a7   Thumb Code    30  strncmp.o(.text)
    __aeabi_dadd                             0x080003c5   Thumb Code   322  dadd.o(.text)
    __aeabi_dsub                             0x08000507   Thumb Code     6  dadd.o(.text)
    __aeabi_drsub                            0x0800050d   Thumb Code     6  dadd.o(.text)
    __aeabi_dmul                             0x08000513   Thumb Code   228  dmul.o(.text)
    __aeabi_i2d                              0x080005f7   Thumb Code    34  dflti.o(.text)
    __aeabi_d2iz                             0x08000619   Thumb Code    62  dfixi.o(.text)
    __aeabi_uidiv                            0x08000657   Thumb Code     0  uidiv.o(.text)
    __aeabi_uidivmod                         0x08000657   Thumb Code    44  uidiv.o(.text)
    __aeabi_llsl                             0x08000683   Thumb Code    30  llshl.o(.text)
    _ll_shift_l                              0x08000683   Thumb Code     0  llshl.o(.text)
    __aeabi_llsr                             0x080006a1   Thumb Code    32  llushr.o(.text)
    _ll_ushift_r                             0x080006a1   Thumb Code     0  llushr.o(.text)
    __aeabi_lasr                             0x080006c1   Thumb Code    36  llsshr.o(.text)
    _ll_sshift_r                             0x080006c1   Thumb Code     0  llsshr.o(.text)
    __I$use$fp                               0x080006e5   Thumb Code     0  iusefp.o(.text)
    _double_round                            0x080006e5   Thumb Code    30  depilogue.o(.text)
    _double_epilogue                         0x08000703   Thumb Code   156  depilogue.o(.text)
    __aeabi_ddiv                             0x0800079f   Thumb Code   222  ddiv.o(.text)
    __ARM_scalbn                             0x0800087d   Thumb Code    46  dscalb.o(.text)
    scalbn                                   0x0800087d   Thumb Code     0  dscalb.o(.text)
    __aeabi_d2ulz                            0x080008ab   Thumb Code    48  dfixul.o(.text)
    __aeabi_cdrcmple                         0x080008dd   Thumb Code    48  cdrcmple.o(.text)
    __scatterload                            0x0800090d   Thumb Code    38  init.o(.text)
    __scatterload_rt2                        0x0800090d   Thumb Code     0  init.o(.text)
    _dsqrt                                   0x0800093d   Thumb Code   162  dsqrt.o(.text)
    BASE64_Decode                            0x080009e1   Thumb Code   616  base64.o(.text.BASE64_Decode)
    BASE64_Encode                            0x08000c49   Thumb Code   504  base64.o(.text.BASE64_Encode)
    BusFault_Handler                         0x08000e41   Thumb Code     4  gd32f5xx_it.o(.text.BusFault_Handler)
    ClearBitMask                             0x08000e45   Thumb Code    52  rc522.o(.text.ClearBitMask)
    DMA1_Channel7_IRQHandler                 0x08000e79   Thumb Code   182  gd32f5xx_it.o(.text.DMA1_Channel7_IRQHandler)
    DebugMon_Handler                         0x08000f31   Thumb Code     4  gd32f5xx_it.o(.text.DebugMon_Handler)
    ESP8266_Clear                            0x08000f35   Thumb Code    32  esp8266.o(.text.ESP8266_Clear)
    ESP8266_GetIPD                           0x08000f55   Thumb Code   124  esp8266.o(.text.ESP8266_GetIPD)
    ESP8266_Init                             0x08000fd1   Thumb Code   212  esp8266.o(.text.ESP8266_Init)
    ESP8266_SendCmd                          0x080010a5   Thumb Code   112  esp8266.o(.text.ESP8266_SendCmd)
    ESP8266_SendData                         0x08001115   Thumb Code    70  esp8266.o(.text.ESP8266_SendData)
    ESP8266_WaitRecive                       0x0800115d   Thumb Code   104  esp8266.o(.text.ESP8266_WaitRecive)
    EXTI0_IRQHandler                         0x080011c5   Thumb Code   180  gd32f5xx_it.o(.text.EXTI0_IRQHandler)
    EXTI10_15_IRQHandler                     0x08001279   Thumb Code    96  gd32f5xx_it.o(.text.EXTI10_15_IRQHandler)
    HardFault_Handler                        0x080012d9   Thumb Code     4  gd32f5xx_it.o(.text.HardFault_Handler)
    LED4_OFF                                 0x080012dd   Thumb Code    18  led.o(.text.LED4_OFF)
    LED4_ON                                  0x080012f1   Thumb Code    18  led.o(.text.LED4_ON)
    LED_Init                                 0x08001305   Thumb Code   168  led.o(.text.LED_Init)
    LED_On                                   0x080013ad   Thumb Code    18  led.o(.text.LED_On)
    LED_off                                  0x080013c1   Thumb Code    18  led.o(.text.LED_off)
    MFRC522_AntennaOff                       0x080013d5   Thumb Code    12  rc522.o(.text.MFRC522_AntennaOff)
    MFRC522_AntennaOn                        0x080013e1   Thumb Code    38  rc522.o(.text.MFRC522_AntennaOn)
    MFRC522_Anticoll                         0x08001409   Thumb Code   192  rc522.o(.text.MFRC522_Anticoll)
    MFRC522_Init                             0x080014c9   Thumb Code   164  rc522.o(.text.MFRC522_Init)
    MFRC522_Request                          0x0800156d   Thumb Code   118  rc522.o(.text.MFRC522_Request)
    MFRC522_Reset                            0x080015e5   Thumb Code   144  rc522.o(.text.MFRC522_Reset)
    MFRC522_ToCard                           0x08001675   Thumb Code   536  rc522.o(.text.MFRC522_ToCard)
    MQTT_DeleteBuffer                        0x0800188d   Thumb Code    48  mqttkit.o(.text.MQTT_DeleteBuffer)
    MQTT_DumpLength                          0x080018bd   Thumb Code    94  mqttkit.o(.text.MQTT_DumpLength)
    MQTT_NewBuffer                           0x0800191d   Thumb Code   166  mqttkit.o(.text.MQTT_NewBuffer)
    MQTT_PacketConnect                       0x080019c5   Thumb Code  1174  mqttkit.o(.text.MQTT_PacketConnect)
    MQTT_PacketPublish                       0x08001e5d   Thumb Code   724  mqttkit.o(.text.MQTT_PacketPublish)
    MQTT_PacketSaveData                      0x08002131   Thumb Code   110  mqttkit.o(.text.MQTT_PacketSaveData)
    MQTT_PacketSubscribe                     0x080021a1   Thumb Code   460  mqttkit.o(.text.MQTT_PacketSubscribe)
    MQTT_ReadLength                          0x0800236d   Thumb Code   128  mqttkit.o(.text.MQTT_ReadLength)
    MQTT_UnPacketConnectAck                  0x080023ed   Thumb Code    66  mqttkit.o(.text.MQTT_UnPacketConnectAck)
    MQTT_UnPacketPublish                     0x08002431   Thumb Code   628  mqttkit.o(.text.MQTT_UnPacketPublish)
    MQTT_UnPacketPublishAck                  0x080026a5   Thumb Code    64  mqttkit.o(.text.MQTT_UnPacketPublishAck)
    MQTT_UnPacketRecv                        0x080026e5   Thumb Code   210  mqttkit.o(.text.MQTT_UnPacketRecv)
    MQTT_UnPacketSubscribe                   0x080027b9   Thumb Code    84  mqttkit.o(.text.MQTT_UnPacketSubscribe)
    MemManage_Handler                        0x0800280d   Thumb Code     4  gd32f5xx_it.o(.text.MemManage_Handler)
    NMI_Handler                              0x08002811   Thumb Code   112  gd32f5xx_it.o(.text.NMI_Handler)
    OneNET_Publish                           0x08002c71   Thumb Code   114  onenet.o(.text.OneNET_Publish)
    OneNET_Subscribe                         0x08002ce5   Thumb Code   116  onenet.o(.text.OneNET_Subscribe)
    OneNet_DevLink                           0x08002d59   Thumb Code   366  onenet.o(.text.OneNet_DevLink)
    OneNet_FillBuf                           0x08002ec9   Thumb Code   264  onenet.o(.text.OneNet_FillBuf)
    OneNet_RevPro                            0x08002fd1   Thumb Code   556  onenet.o(.text.OneNet_RevPro)
    OneNet_SendData                          0x080031fd   Thumb Code   288  onenet.o(.text.OneNet_SendData)
    PendSV_Handler                           0x0800331d   Thumb Code     4  gd32f5xx_it.o(.text.PendSV_Handler)
    Read_MFRC522                             0x08003321   Thumb Code   356  rc522.o(.text.Read_MFRC522)
    SG90_Init                                0x08003485   Thumb Code   190  sg90.o(.text.SG90_Init)
    SVC_Handler                              0x08003545   Thumb Code     4  gd32f5xx_it.o(.text.SVC_Handler)
    SetBitMask                               0x08003549   Thumb Code    52  rc522.o(.text.SetBitMask)
    SysTick_Handler                          0x080035d1   Thumb Code    30  systick.o(.text.SysTick_Handler)
    SystemInit                               0x080035f1   Thumb Code   466  system_gd32f5xx.o(.text.SystemInit)
    UART3_Init                               0x080037c5   Thumb Code   196  uart.o(.text.UART3_Init)
    UART_Init                                0x08003889   Thumb Code   350  uart.o(.text.UART_Init)
    USART1_IRQHandler                        0x080039e9   Thumb Code   476  main.o(.text.USART1_IRQHandler)
    USART2_IRQHandler                        0x08003bc5   Thumb Code   178  esp8266.o(.text.USART2_IRQHandler)
    UsageFault_Handler                       0x08003c79   Thumb Code     4  gd32f5xx_it.o(.text.UsageFault_Handler)
    Usart2_SendString                        0x08003c7d   Thumb Code    92  esp8266.o(.text.Usart2_SendString)
    Write_MFRC522                            0x08003cd9   Thumb Code   366  rc522.o(.text.Write_MFRC522)
    byte_array_to_hex_string                 0x08003edd   Thumb Code   108  tftlcd.o(.text.byte_array_to_hex_string)
    cJSON_Delete                             0x08003f49   Thumb Code   148  cjson.o(.text.cJSON_Delete)
    cJSON_GetObjectItem                      0x08003fdd   Thumb Code    68  cjson.o(.text.cJSON_GetObjectItem)
    cJSON_Parse                              0x0800404d   Thumb Code    20  cjson.o(.text.cJSON_Parse)
    cJSON_ParseWithOpts                      0x08004061   Thumb Code   160  cjson.o(.text.cJSON_ParseWithOpts)
    ckout0_init                              0x08004189   Thumb Code    62  dci_ov2640.o(.text.ckout0_init)
    clear_area_on_image                      0x080041c9   Thumb Code   202  tftlcd.o(.text.clear_area_on_image)
    clear_text_area                          0x08004295   Thumb Code   130  tftlcd.o(.text.clear_text_area)
    dci_byte_read                            0x08004319   Thumb Code   592  sccb.o(.text.dci_byte_read)
    dci_byte_write                           0x08004569   Thumb Code   412  sccb.o(.text.dci_byte_write)
    dci_capture_disable                      0x08004705   Thumb Code    16  gd32f5xx_dci.o(.text.dci_capture_disable)
    dci_capture_enable                       0x08004715   Thumb Code    16  gd32f5xx_dci.o(.text.dci_capture_enable)
    dci_config                               0x08004725   Thumb Code   610  dci_ov2640.o(.text.dci_config)
    dci_enable                               0x08004989   Thumb Code    16  gd32f5xx_dci.o(.text.dci_enable)
    dci_init                                 0x08004999   Thumb Code    92  gd32f5xx_dci.o(.text.dci_init)
    dci_ov2640_id_read                       0x080049f5   Thumb Code   150  dci_ov2640.o(.text.dci_ov2640_id_read)
    dci_ov2640_init                          0x08004a8d   Thumb Code   246  dci_ov2640.o(.text.dci_ov2640_init)
    delay_1ms                                0x08004b85   Thumb Code    38  systick.o(.text.delay_1ms)
    delay_decrement                          0x08004bad   Thumb Code    32  systick.o(.text.delay_decrement)
    dma_channel_disable                      0x08004bcd   Thumb Code    34  gd32f5xx_dma.o(.text.dma_channel_disable)
    dma_channel_enable                       0x08004bf1   Thumb Code    34  gd32f5xx_dma.o(.text.dma_channel_enable)
    dma_channel_subperipheral_select         0x08004c15   Thumb Code    72  gd32f5xx_dma.o(.text.dma_channel_subperipheral_select)
    dma_deinit                               0x08004c5d   Thumb Code   220  gd32f5xx_dma.o(.text.dma_deinit)
    dma_interrupt_disable                    0x08004d39   Thumb Code    70  gd32f5xx_dma.o(.text.dma_interrupt_disable)
    dma_interrupt_enable                     0x08004d81   Thumb Code    70  gd32f5xx_dma.o(.text.dma_interrupt_enable)
    dma_interrupt_flag_clear                 0x08004dc9   Thumb Code   102  gd32f5xx_dma.o(.text.dma_interrupt_flag_clear)
    dma_interrupt_flag_get                   0x08004e31   Thumb Code   734  gd32f5xx_dma.o(.text.dma_interrupt_flag_get)
    dma_single_data_mode_init                0x08005111   Thumb Code   372  gd32f5xx_dma.o(.text.dma_single_data_mode_init)
    draw_char_on_image                       0x08005285   Thumb Code  9826  tftlcd.o(.text.draw_char_on_image)
    draw_pixel_on_image                      0x080078e9   Thumb Code    74  tftlcd.o(.text.draw_pixel_on_image)
    draw_string_on_image                     0x08007935   Thumb Code   106  tftlcd.o(.text.draw_string_on_image)
    exmc_flag_get                            0x080079a1   Thumb Code   100  gd32f5xx_exmc.o(.text.exmc_flag_get)
    exmc_sdram_command_config                0x08007a05   Thumb Code    36  gd32f5xx_exmc.o(.text.exmc_sdram_command_config)
    exmc_sdram_init                          0x08007a29   Thumb Code   426  gd32f5xx_exmc.o(.text.exmc_sdram_init)
    exmc_sdram_refresh_count_set             0x08007bd5   Thumb Code    38  gd32f5xx_exmc.o(.text.exmc_sdram_refresh_count_set)
    exmc_synchronous_dynamic_ram_init        0x08007bfd   Thumb Code   832  exmc_sdram.o(.text.exmc_synchronous_dynamic_ram_init)
    exti_init                                0x08007f3d   Thumb Code   266  gd32f5xx_exti.o(.text.exti_init)
    exti_interrupt_flag_clear                0x08008049   Thumb Code    20  gd32f5xx_exti.o(.text.exti_interrupt_flag_clear)
    exti_interrupt_flag_get                  0x0800805d   Thumb Code    46  gd32f5xx_exti.o(.text.exti_interrupt_flag_get)
    fputc                                    0x0800808d   Thumb Code    52  main.o(.text.fputc)
    ft                                       0x080080c1   Thumb Code   142  hmac_sha1.o(.text.ft)
    get_tick_count                           0x08008151   Thumb Code    14  systick.o(.text.get_tick_count)
    gpio_af_set                              0x08008161   Thumb Code   212  gd32f5xx_gpio.o(.text.gpio_af_set)
    gpio_bit_reset                           0x08008235   Thumb Code    16  gd32f5xx_gpio.o(.text.gpio_bit_reset)
    gpio_bit_set                             0x08008245   Thumb Code    16  gd32f5xx_gpio.o(.text.gpio_bit_set)
    gpio_input_bit_get                       0x08008255   Thumb Code    42  gd32f5xx_gpio.o(.text.gpio_input_bit_get)
    gpio_mode_set                            0x08008281   Thumb Code   156  gd32f5xx_gpio.o(.text.gpio_mode_set)
    gpio_output_options_set                  0x0800831d   Thumb Code   146  gd32f5xx_gpio.o(.text.gpio_output_options_set)
    hmac_sha1                                0x080083b1   Thumb Code   568  hmac_sha1.o(.text.hmac_sha1)
    i2c_ack_config                           0x080085e9   Thumb Code    42  gd32f5xx_i2c.o(.text.i2c_ack_config)
    i2c_clock_config                         0x08008615   Thumb Code   358  gd32f5xx_i2c.o(.text.i2c_clock_config)
    i2c_data_receive                         0x0800877d   Thumb Code    14  gd32f5xx_i2c.o(.text.i2c_data_receive)
    i2c_data_transmit                        0x0800878d   Thumb Code    20  gd32f5xx_i2c.o(.text.i2c_data_transmit)
    i2c_deinit                               0x080087a1   Thumb Code   116  gd32f5xx_i2c.o(.text.i2c_deinit)
    i2c_enable                               0x08008815   Thumb Code    18  gd32f5xx_i2c.o(.text.i2c_enable)
    i2c_flag_clear                           0x08008829   Thumb Code    62  gd32f5xx_i2c.o(.text.i2c_flag_clear)
    i2c_flag_get                             0x08008869   Thumb Code    58  gd32f5xx_i2c.o(.text.i2c_flag_get)
    i2c_master_addressing                    0x080088a5   Thumb Code    46  gd32f5xx_i2c.o(.text.i2c_master_addressing)
    i2c_mode_addr_config                     0x080088d5   Thumb Code    64  gd32f5xx_i2c.o(.text.i2c_mode_addr_config)
    i2c_start_on_bus                         0x08008915   Thumb Code    18  gd32f5xx_i2c.o(.text.i2c_start_on_bus)
    i2c_stop_on_bus                          0x08008929   Thumb Code    18  gd32f5xx_i2c.o(.text.i2c_stop_on_bus)
    image_display                            0x0800893d   Thumb Code    64  main.o(.text.image_display)
    image_save                               0x0800897d   Thumb Code    92  main.o(.text.image_save)
    k                                        0x080089d9   Thumb Code    96  hmac_sha1.o(.text.k)
    key_config                               0x08008a39   Thumb Code   196  main.o(.text.key_config)
    lcd_config                               0x08008afd   Thumb Code   338  main.o(.text.lcd_config)
    main                                     0x08008ea5   Thumb Code   648  main.o(.text.main)
    nvic_irq_enable                          0x08009145   Thumb Code   294  gd32f5xx_misc.o(.text.nvic_irq_enable)
    nvic_priority_group_set                  0x0800926d   Thumb Code    28  gd32f5xx_misc.o(.text.nvic_priority_group_set)
    nvic_vector_table_set                    0x08009289   Thumb Code    40  gd32f5xx_misc.o(.text.nvic_vector_table_set)
    ov2640_outsize_set                       0x080092b1   Thumb Code   176  dci_ov2640.o(.text.ov2640_outsize_set)
    rcu_ckout0_config                        0x08009ed5   Thumb Code    42  gd32f5xx_rcu.o(.text.rcu_ckout0_config)
    rcu_clock_freq_get                       0x08009f01   Thumb Code   356  gd32f5xx_rcu.o(.text.rcu_clock_freq_get)
    rcu_flag_get                             0x0800a065   Thumb Code    62  gd32f5xx_rcu.o(.text.rcu_flag_get)
    rcu_osci_on                              0x0800a0a5   Thumb Code    40  gd32f5xx_rcu.o(.text.rcu_osci_on)
    rcu_osci_stab_wait                       0x0800a0cd   Thumb Code   754  gd32f5xx_rcu.o(.text.rcu_osci_stab_wait)
    rcu_periph_clock_enable                  0x0800a3c1   Thumb Code    40  gd32f5xx_rcu.o(.text.rcu_periph_clock_enable)
    rcu_periph_reset_disable                 0x0800a3e9   Thumb Code    40  gd32f5xx_rcu.o(.text.rcu_periph_reset_disable)
    rcu_periph_reset_enable                  0x0800a411   Thumb Code    40  gd32f5xx_rcu.o(.text.rcu_periph_reset_enable)
    rcu_pllsai_r_config                      0x0800a439   Thumb Code    86  gd32f5xx_rcu.o(.text.rcu_pllsai_r_config)
    rcu_tli_clock_div_config                 0x0800a491   Thumb Code    36  gd32f5xx_rcu.o(.text.rcu_tli_clock_div_config)
    rotl                                     0x0800a4b5   Thumb Code    68  hmac_sha1.o(.text.rotl)
    sccb_config                              0x0800a4f9   Thumb Code   170  sccb.o(.text.sccb_config)
    sha1                                     0x0800a5a5   Thumb Code   796  hmac_sha1.o(.text.sha1)
    syscfg_exti_line_config                  0x0800a905   Thumb Code   180  gd32f5xx_syscfg.o(.text.syscfg_exti_line_config)
    syscfg_interrupt_flag_get                0x0800a9b9   Thumb Code    50  gd32f5xx_syscfg.o(.text.syscfg_interrupt_flag_get)
    systick_config                           0x0800ab5d   Thumb Code    50  systick.o(.text.systick_config)
    timer_channel_output_config              0x0800ab91   Thumb Code   784  gd32f5xx_timer.o(.text.timer_channel_output_config)
    timer_channel_output_mode_config         0x0800aea1   Thumb Code   140  gd32f5xx_timer.o(.text.timer_channel_output_mode_config)
    timer_channel_output_pulse_value_config  0x0800af2d   Thumb Code    70  gd32f5xx_timer.o(.text.timer_channel_output_pulse_value_config)
    timer_channel_output_shadow_config       0x0800af75   Thumb Code   140  gd32f5xx_timer.o(.text.timer_channel_output_shadow_config)
    timer_deinit                             0x0800b001   Thumb Code   488  gd32f5xx_timer.o(.text.timer_deinit)
    timer_enable                             0x0800b1e9   Thumb Code    18  gd32f5xx_timer.o(.text.timer_enable)
    timer_init                               0x0800b1fd   Thumb Code   256  gd32f5xx_timer.o(.text.timer_init)
    tli_dither_config                        0x0800b2fd   Thumb Code    56  gd32f5xx_tli.o(.text.tli_dither_config)
    tli_enable                               0x0800b335   Thumb Code    18  gd32f5xx_tli.o(.text.tli_enable)
    tli_init                                 0x0800b349   Thumb Code   184  gd32f5xx_tli.o(.text.tli_init)
    tli_layer_disable                        0x0800b401   Thumb Code    22  gd32f5xx_tli.o(.text.tli_layer_disable)
    tli_layer_enable                         0x0800b419   Thumb Code    22  gd32f5xx_tli.o(.text.tli_layer_enable)
    tli_layer_init                           0x0800b431   Thumb Code   250  gd32f5xx_tli.o(.text.tli_layer_init)
    tli_reload_config                        0x0800b52d   Thumb Code    54  gd32f5xx_tli.o(.text.tli_reload_config)
    usart_baudrate_set                       0x0800b565   Thumb Code   344  gd32f5xx_usart.o(.text.usart_baudrate_set)
    usart_data_receive                       0x0800b6bd   Thumb Code    16  gd32f5xx_usart.o(.text.usart_data_receive)
    usart_data_transmit                      0x0800b6cd   Thumb Code    20  gd32f5xx_usart.o(.text.usart_data_transmit)
    usart_deinit                             0x0800b6e1   Thumb Code   286  gd32f5xx_usart.o(.text.usart_deinit)
    usart_enable                             0x0800b801   Thumb Code    18  gd32f5xx_usart.o(.text.usart_enable)
    usart_flag_get                           0x0800b815   Thumb Code    58  gd32f5xx_usart.o(.text.usart_flag_get)
    usart_hardware_flow_cts_config           0x0800b851   Thumb Code    42  gd32f5xx_usart.o(.text.usart_hardware_flow_cts_config)
    usart_hardware_flow_rts_config           0x0800b87d   Thumb Code    42  gd32f5xx_usart.o(.text.usart_hardware_flow_rts_config)
    usart_interrupt_enable                   0x0800b8a9   Thumb Code    36  gd32f5xx_usart.o(.text.usart_interrupt_enable)
    usart_interrupt_flag_clear               0x0800b8cd   Thumb Code    28  gd32f5xx_usart.o(.text.usart_interrupt_flag_clear)
    usart_interrupt_flag_get                 0x0800b8e9   Thumb Code    94  gd32f5xx_usart.o(.text.usart_interrupt_flag_get)
    usart_parity_config                      0x0800b949   Thumb Code    30  gd32f5xx_usart.o(.text.usart_parity_config)
    usart_receive_config                     0x0800b969   Thumb Code    42  gd32f5xx_usart.o(.text.usart_receive_config)
    usart_stop_bit_set                       0x0800b995   Thumb Code    30  gd32f5xx_usart.o(.text.usart_stop_bit_set)
    usart_transmit_config                    0x0800b9b5   Thumb Code    42  gd32f5xx_usart.o(.text.usart_transmit_config)
    usart_word_length_set                    0x0800b9e1   Thumb Code    30  gd32f5xx_usart.o(.text.usart_word_length_set)
    __0printf                                0x0800ba01   Thumb Code    22  printfa.o(i.__0printf)
    __1printf                                0x0800ba01   Thumb Code     0  printfa.o(i.__0printf)
    __2printf                                0x0800ba01   Thumb Code     0  printfa.o(i.__0printf)
    __c89printf                              0x0800ba01   Thumb Code     0  printfa.o(i.__0printf)
    printf                                   0x0800ba01   Thumb Code     0  printfa.o(i.__0printf)
    __0snprintf                              0x0800ba21   Thumb Code    48  printfa.o(i.__0snprintf)
    __1snprintf                              0x0800ba21   Thumb Code     0  printfa.o(i.__0snprintf)
    __2snprintf                              0x0800ba21   Thumb Code     0  printfa.o(i.__0snprintf)
    __c89snprintf                            0x0800ba21   Thumb Code     0  printfa.o(i.__0snprintf)
    snprintf                                 0x0800ba21   Thumb Code     0  printfa.o(i.__0snprintf)
    __0sprintf                               0x0800ba55   Thumb Code    34  printfa.o(i.__0sprintf)
    __1sprintf                               0x0800ba55   Thumb Code     0  printfa.o(i.__0sprintf)
    __2sprintf                               0x0800ba55   Thumb Code     0  printfa.o(i.__0sprintf)
    __c89sprintf                             0x0800ba55   Thumb Code     0  printfa.o(i.__0sprintf)
    sprintf                                  0x0800ba55   Thumb Code     0  printfa.o(i.__0sprintf)
    __ARM_fpclassify                         0x0800ba7d   Thumb Code    48  fpclassify.o(i.__ARM_fpclassify)
    __hardfp_pow                             0x0800bab1   Thumb Code  3088  pow.o(i.__hardfp_pow)
    __kernel_poly                            0x0800c711   Thumb Code   248  poly.o(i.__kernel_poly)
    __mathlib_dbl_divzero                    0x0800c809   Thumb Code    28  dunder.o(i.__mathlib_dbl_divzero)
    __mathlib_dbl_infnan2                    0x0800c839   Thumb Code    20  dunder.o(i.__mathlib_dbl_infnan2)
    __mathlib_dbl_invalid                    0x0800c851   Thumb Code    24  dunder.o(i.__mathlib_dbl_invalid)
    __mathlib_dbl_overflow                   0x0800c871   Thumb Code    24  dunder.o(i.__mathlib_dbl_overflow)
    __mathlib_dbl_underflow                  0x0800c891   Thumb Code    24  dunder.o(i.__mathlib_dbl_underflow)
    __scatterload_copy                       0x0800c8b1   Thumb Code    14  handlers.o(i.__scatterload_copy)
    __scatterload_null                       0x0800c8bf   Thumb Code     2  handlers.o(i.__scatterload_null)
    __scatterload_zeroinit                   0x0800c8c1   Thumb Code    14  handlers.o(i.__scatterload_zeroinit)
    __set_errno                              0x0800c8d1   Thumb Code     6  errno.o(i.__set_errno)
    fabs                                     0x0800d1af   Thumb Code    24  fabs.o(i.fabs)
    free                                     0x0800d1c9   Thumb Code    76  malloc.o(i.free)
    malloc                                   0x0800d219   Thumb Code    92  malloc.o(i.malloc)
    sqrt                                     0x0800d285   Thumb Code   110  sqrt.o(i.sqrt)
    __mathlib_zero                           0x0800d380   Data           8  qnan.o(.constdata)
    image_background0                        0x0800d44f   Data       261120  picture.o(.rodata.image_background0)
    image_background1                        0x0804d04f   Data       130560  picture.o(.rodata.image_background1)
    ov2640_rgb565_reg_tbl                    0x0806ce4f   Data          28  dci_ov2640.o(.rodata.ov2640_rgb565_reg_tbl)
    ov2640_svga_init_reg_tbl                 0x0806ce6b   Data         354  dci_ov2640.o(.rodata.ov2640_svga_init_reg_tbl)
    Region$$Table$$Base                      0x0806d7c4   Number         0  anon$$obj.o(Region$$Table)
    Region$$Table$$Limit                     0x0806d7e4   Number         0  anon$$obj.o(Region$$Table)
    __stdout                                 0x20000000   Data           4  stdout.o(.data)
    __microlib_freelist                      0x20000004   Data           4  mvars.o(.data)
    __microlib_freelist_initialised          0x20000008   Data           4  mvars.o(.data)
    SystemCoreClock                          0x20000010   Data           4  system_gd32f5xx.o(.data.SystemCoreClock)
    tick_count                               0x20000020   Data           8  systick.o(.data.tick_count)
    buf                                      0x2000002a   Data          20  main.o(.bss.buf)
    capture_time                             0x20000040   Data           8  main.o(.bss.capture_time)
    cardid                                   0x20000048   Data           9  main.o(.bss.cardid)
    door                                     0x20000058   Data           4  main.o(.bss.door)
    doortime                                 0x20000060   Data           8  main.o(.bss.doortime)
    esp8266_buf                              0x2000006c   Data         512  esp8266.o(.bss.esp8266_buf)
    esp8266_cnt                              0x2000026c   Data           2  esp8266.o(.bss.esp8266_cnt)
    esp8266_cntPre                           0x2000026e   Data           2  esp8266.o(.bss.esp8266_cntPre)
    huart3_rev_byte                          0x20000270   Data           1  esp8266.o(.bss.huart3_rev_byte)
    led4                                     0x20000274   Data           4  onenet.o(.bss.led4)
    led_status                               0x20000278   Data           4  main.o(.bss.led_status)
    tli_initstruct                           0x2000027c   Data          52  main.o(.bss.tli_initstruct)
    tli_layer0_initstruct                    0x200002b0   Data          40  main.o(.bss.tli_layer0_initstruct)
    tli_layer1_initstruct                    0x200002d8   Data          40  main.o(.bss.tli_layer1_initstruct)
    __heap_base                              0x20000300   Data           0  startup_gd32f5xx.o(HEAP)
    __heap_limit                             0x20000700   Data           0  startup_gd32f5xx.o(HEAP)
    __initial_sp                             0x20000b00   Data           0  startup_gd32f5xx.o(STACK)



==============================================================================

Memory Map of the image

  Image Entry point : 0x080001e1

  Load Region LR_IROM1 (Base: 0x08000000, Size: 0x0006d810, Max: 0x00780000, ABSOLUTE)

    Execution Region ER_IROM1 (Exec base: 0x08000000, Load base: 0x08000000, Size: 0x0006d7e4, Max: 0x00780000, ABSOLUTE)

    Exec Addr    Load Addr    Size         Type   Attr      Idx    E Section Name        Object

    0x08000000   0x08000000   0x000001e0   Data   RO         2787    RESET               startup_gd32f5xx.o
    0x080001e0   0x080001e0   0x00000000   Code   RO         3091  * .ARM.Collect$$$$00000000  mc_w.l(entry.o)
    0x080001e0   0x080001e0   0x00000004   Code   RO         3227    .ARM.Collect$$$$00000001  mc_w.l(entry2.o)
    0x080001e4   0x080001e4   0x00000004   Code   RO         3230    .ARM.Collect$$$$00000004  mc_w.l(entry5.o)
    0x080001e8   0x080001e8   0x00000000   Code   RO         3232    .ARM.Collect$$$$00000008  mc_w.l(entry7b.o)
    0x080001e8   0x080001e8   0x00000000   Code   RO         3234    .ARM.Collect$$$$0000000A  mc_w.l(entry8b.o)
    0x080001e8   0x080001e8   0x00000008   Code   RO         3235    .ARM.Collect$$$$0000000B  mc_w.l(entry9a.o)
    0x080001f0   0x080001f0   0x00000000   Code   RO         3237    .ARM.Collect$$$$0000000D  mc_w.l(entry10a.o)
    0x080001f0   0x080001f0   0x00000000   Code   RO         3239    .ARM.Collect$$$$0000000F  mc_w.l(entry11a.o)
    0x080001f0   0x080001f0   0x00000004   Code   RO         3228    .ARM.Collect$$$$00002712  mc_w.l(entry2.o)
    0x080001f4   0x080001f4   0x00000064   Code   RO         2788    .text               startup_gd32f5xx.o
    0x08000258   0x08000258   0x00000062   Code   RO         3094    .text               mc_w.l(uldiv.o)
    0x080002ba   0x080002ba   0x0000000c   Code   RO         3096    .text               mc_w.l(tolower.o)
    0x080002c6   0x080002c6   0x00000024   Code   RO         3098    .text               mc_w.l(memcpya.o)
    0x080002ea   0x080002ea   0x00000024   Code   RO         3100    .text               mc_w.l(memseta.o)
    0x0800030e   0x0800030e   0x00000018   Code   RO         3102    .text               mc_w.l(strcat.o)
    0x08000326   0x08000326   0x00000024   Code   RO         3104    .text               mc_w.l(strstr.o)
    0x0800034a   0x0800034a   0x00000014   Code   RO         3106    .text               mc_w.l(strchr.o)
    0x0800035e   0x0800035e   0x0000000e   Code   RO         3108    .text               mc_w.l(strlen.o)
    0x0800036c   0x0800036c   0x00000028   Code   RO         3110    .text               mc_w.l(strncat.o)
    0x08000394   0x08000394   0x00000012   Code   RO         3112    .text               mc_w.l(strcpy.o)
    0x080003a6   0x080003a6   0x0000001e   Code   RO         3114    .text               mc_w.l(strncmp.o)
    0x080003c4   0x080003c4   0x0000014e   Code   RO         3176    .text               mf_w.l(dadd.o)
    0x08000512   0x08000512   0x000000e4   Code   RO         3178    .text               mf_w.l(dmul.o)
    0x080005f6   0x080005f6   0x00000022   Code   RO         3190    .text               mf_w.l(dflti.o)
    0x08000618   0x08000618   0x0000003e   Code   RO         3192    .text               mf_w.l(dfixi.o)
    0x08000656   0x08000656   0x0000002c   Code   RO         3251    .text               mc_w.l(uidiv.o)
    0x08000682   0x08000682   0x0000001e   Code   RO         3253    .text               mc_w.l(llshl.o)
    0x080006a0   0x080006a0   0x00000020   Code   RO         3255    .text               mc_w.l(llushr.o)
    0x080006c0   0x080006c0   0x00000024   Code   RO         3257    .text               mc_w.l(llsshr.o)
    0x080006e4   0x080006e4   0x00000000   Code   RO         3282    .text               mc_w.l(iusefp.o)
    0x080006e4   0x080006e4   0x000000ba   Code   RO         3283    .text               mf_w.l(depilogue.o)
    0x0800079e   0x0800079e   0x000000de   Code   RO         3285    .text               mf_w.l(ddiv.o)
    0x0800087c   0x0800087c   0x0000002e   Code   RO         3289    .text               mf_w.l(dscalb.o)
    0x080008aa   0x080008aa   0x00000030   Code   RO         3291    .text               mf_w.l(dfixul.o)
    0x080008da   0x080008da   0x00000002   PAD
    0x080008dc   0x080008dc   0x00000030   Code   RO         3293    .text               mf_w.l(cdrcmple.o)
    0x0800090c   0x0800090c   0x00000030   Code   RO         3295    .text               mc_w.l(init.o)
    0x0800093c   0x0800093c   0x000000a2   Code   RO         3303    .text               mf_w.l(dsqrt.o)
    0x080009de   0x080009de   0x00000002   PAD
    0x080009e0   0x080009e0   0x00000268   Code   RO         3015    .text.BASE64_Decode  base64.o
    0x08000c48   0x08000c48   0x000001f8   Code   RO         3013    .text.BASE64_Encode  base64.o
    0x08000e40   0x08000e40   0x00000004   Code   RO           67    .text.BusFault_Handler  gd32f5xx_it.o
    0x08000e44   0x08000e44   0x00000034   Code   RO          100    .text.ClearBitMask  rc522.o
    0x08000e78   0x08000e78   0x000000b6   Code   RO           77    .text.DMA1_Channel7_IRQHandler  gd32f5xx_it.o
    0x08000f2e   0x08000f2e   0x00000002   PAD
    0x08000f30   0x08000f30   0x00000004   Code   RO           73    .text.DebugMon_Handler  gd32f5xx_it.o
    0x08000f34   0x08000f34   0x00000020   Code   RO         2925    .text.ESP8266_Clear  esp8266.o
    0x08000f54   0x08000f54   0x0000007c   Code   RO         2933    .text.ESP8266_GetIPD  esp8266.o
    0x08000fd0   0x08000fd0   0x000000d4   Code   RO         2935    .text.ESP8266_Init  esp8266.o
    0x080010a4   0x080010a4   0x00000070   Code   RO         2929    .text.ESP8266_SendCmd  esp8266.o
    0x08001114   0x08001114   0x00000046   Code   RO         2931    .text.ESP8266_SendData  esp8266.o
    0x0800115a   0x0800115a   0x00000002   PAD
    0x0800115c   0x0800115c   0x00000068   Code   RO         2927    .text.ESP8266_WaitRecive  esp8266.o
    0x080011c4   0x080011c4   0x000000b4   Code   RO           81    .text.EXTI0_IRQHandler  gd32f5xx_it.o
    0x08001278   0x08001278   0x00000060   Code   RO           79    .text.EXTI10_15_IRQHandler  gd32f5xx_it.o
    0x080012d8   0x080012d8   0x00000004   Code   RO           63    .text.HardFault_Handler  gd32f5xx_it.o
    0x080012dc   0x080012dc   0x00000012   Code   RO          185    .text.LED4_OFF      led.o
    0x080012ee   0x080012ee   0x00000002   PAD
    0x080012f0   0x080012f0   0x00000012   Code   RO          183    .text.LED4_ON       led.o
    0x08001302   0x08001302   0x00000002   PAD
    0x08001304   0x08001304   0x000000a8   Code   RO          175    .text.LED_Init      led.o
    0x080013ac   0x080013ac   0x00000012   Code   RO          177    .text.LED_On        led.o
    0x080013be   0x080013be   0x00000002   PAD
    0x080013c0   0x080013c0   0x00000012   Code   RO          179    .text.LED_off       led.o
    0x080013d2   0x080013d2   0x00000002   PAD
    0x080013d4   0x080013d4   0x0000000c   Code   RO          106    .text.MFRC522_AntennaOff  rc522.o
    0x080013e0   0x080013e0   0x00000026   Code   RO          104    .text.MFRC522_AntennaOn  rc522.o
    0x08001406   0x08001406   0x00000002   PAD
    0x08001408   0x08001408   0x000000c0   Code   RO          114    .text.MFRC522_Anticoll  rc522.o
    0x080014c8   0x080014c8   0x000000a4   Code   RO           90    .text.MFRC522_Init  rc522.o
    0x0800156c   0x0800156c   0x00000076   Code   RO          112    .text.MFRC522_Request  rc522.o
    0x080015e2   0x080015e2   0x00000002   PAD
    0x080015e4   0x080015e4   0x00000090   Code   RO           96    .text.MFRC522_Reset  rc522.o
    0x08001674   0x08001674   0x00000218   Code   RO          102    .text.MFRC522_ToCard  rc522.o
    0x0800188c   0x0800188c   0x00000030   Code   RO         2953    .text.MQTT_DeleteBuffer  mqttkit.o
    0x080018bc   0x080018bc   0x0000005e   Code   RO         2955    .text.MQTT_DumpLength  mqttkit.o
    0x0800191a   0x0800191a   0x00000002   PAD
    0x0800191c   0x0800191c   0x000000a6   Code   RO         2951    .text.MQTT_NewBuffer  mqttkit.o
    0x080019c2   0x080019c2   0x00000002   PAD
    0x080019c4   0x080019c4   0x00000496   Code   RO         2961    .text.MQTT_PacketConnect  mqttkit.o
    0x08001e5a   0x08001e5a   0x00000002   PAD
    0x08001e5c   0x08001e5c   0x000002d4   Code   RO         2969    .text.MQTT_PacketPublish  mqttkit.o
    0x08002130   0x08002130   0x0000006e   Code   RO         2967    .text.MQTT_PacketSaveData  mqttkit.o
    0x0800219e   0x0800219e   0x00000002   PAD
    0x080021a0   0x080021a0   0x000001cc   Code   RO         2977    .text.MQTT_PacketSubscribe  mqttkit.o
    0x0800236c   0x0800236c   0x00000080   Code   RO         2957    .text.MQTT_ReadLength  mqttkit.o
    0x080023ec   0x080023ec   0x00000042   Code   RO         2965    .text.MQTT_UnPacketConnectAck  mqttkit.o
    0x0800242e   0x0800242e   0x00000002   PAD
    0x08002430   0x08002430   0x00000274   Code   RO         2985    .text.MQTT_UnPacketPublish  mqttkit.o
    0x080026a4   0x080026a4   0x00000040   Code   RO         2989    .text.MQTT_UnPacketPublishAck  mqttkit.o
    0x080026e4   0x080026e4   0x000000d2   Code   RO         2959    .text.MQTT_UnPacketRecv  mqttkit.o
    0x080027b6   0x080027b6   0x00000002   PAD
    0x080027b8   0x080027b8   0x00000054   Code   RO         2979    .text.MQTT_UnPacketSubscribe  mqttkit.o
    0x0800280c   0x0800280c   0x00000004   Code   RO           65    .text.MemManage_Handler  gd32f5xx_it.o
    0x08002810   0x08002810   0x00000070   Code   RO           61    .text.NMI_Handler   gd32f5xx_it.o
    0x08002880   0x08002880   0x00000206   Code   RO         3065    .text.OTA_UrlEncode  onenet.o
    0x08002a86   0x08002a86   0x00000002   PAD
    0x08002a88   0x08002a88   0x000001e6   Code   RO         3051    .text.OneNET_Authorization  onenet.o
    0x08002c6e   0x08002c6e   0x00000002   PAD
    0x08002c70   0x08002c70   0x00000072   Code   RO         3059    .text.OneNET_Publish  onenet.o
    0x08002ce2   0x08002ce2   0x00000002   PAD
    0x08002ce4   0x08002ce4   0x00000074   Code   RO         3061    .text.OneNET_Subscribe  onenet.o
    0x08002d58   0x08002d58   0x0000016e   Code   RO         3053    .text.OneNet_DevLink  onenet.o
    0x08002ec6   0x08002ec6   0x00000002   PAD
    0x08002ec8   0x08002ec8   0x00000108   Code   RO         3055    .text.OneNet_FillBuf  onenet.o
    0x08002fd0   0x08002fd0   0x0000022c   Code   RO         3063    .text.OneNet_RevPro  onenet.o
    0x080031fc   0x080031fc   0x00000120   Code   RO         3057    .text.OneNet_SendData  onenet.o
    0x0800331c   0x0800331c   0x00000004   Code   RO           75    .text.PendSV_Handler  gd32f5xx_it.o
    0x08003320   0x08003320   0x00000164   Code   RO           92    .text.Read_MFRC522  rc522.o
    0x08003484   0x08003484   0x000000be   Code   RO          153    .text.SG90_Init     sg90.o
    0x08003542   0x08003542   0x00000002   PAD
    0x08003544   0x08003544   0x00000004   Code   RO           71    .text.SVC_Handler   gd32f5xx_it.o
    0x08003548   0x08003548   0x00000034   Code   RO           98    .text.SetBitMask    rc522.o
    0x0800357c   0x0800357c   0x00000052   Code   RO           40    .text.SysTick_Config  systick.o
    0x080035ce   0x080035ce   0x00000002   PAD
    0x080035d0   0x080035d0   0x0000001e   Code   RO           50    .text.SysTick_Handler  systick.o
    0x080035ee   0x080035ee   0x00000002   PAD
    0x080035f0   0x080035f0   0x000001d2   Code   RO          194    .text.SystemInit    system_gd32f5xx.o
    0x080037c2   0x080037c2   0x00000002   PAD
    0x080037c4   0x080037c4   0x000000c4   Code   RO          166    .text.UART3_Init    uart.o
    0x08003888   0x08003888   0x0000015e   Code   RO          164    .text.UART_Init     uart.o
    0x080039e6   0x080039e6   0x00000002   PAD
    0x080039e8   0x080039e8   0x000001dc   Code   RO           18    .text.USART1_IRQHandler  main.o
    0x08003bc4   0x08003bc4   0x000000b2   Code   RO         2937    .text.USART2_IRQHandler  esp8266.o
    0x08003c76   0x08003c76   0x00000002   PAD
    0x08003c78   0x08003c78   0x00000004   Code   RO           69    .text.UsageFault_Handler  gd32f5xx_it.o
    0x08003c7c   0x08003c7c   0x0000005c   Code   RO         2923    .text.Usart2_SendString  esp8266.o
    0x08003cd8   0x08003cd8   0x0000016e   Code   RO           94    .text.Write_MFRC522  rc522.o
    0x08003e46   0x08003e46   0x00000002   PAD
    0x08003e48   0x08003e48   0x00000042   Code   RO           42    .text.__NVIC_SetPriority  systick.o
    0x08003e8a   0x08003e8a   0x00000002   PAD
    0x08003e8c   0x08003e8c   0x00000028   Code   RO         2751    .text._delay        exmc_sdram.o
    0x08003eb4   0x08003eb4   0x00000028   Code   RO          196    .text._soft_delay_  system_gd32f5xx.o
    0x08003edc   0x08003edc   0x0000006c   Code   RO          131    .text.byte_array_to_hex_string  tftlcd.o
    0x08003f48   0x08003f48   0x00000094   Code   RO         2799    .text.cJSON_Delete  cjson.o
    0x08003fdc   0x08003fdc   0x00000044   Code   RO         2823    .text.cJSON_GetObjectItem  cjson.o
    0x08004020   0x08004020   0x0000002a   Code   RO         2803    .text.cJSON_New_Item  cjson.o
    0x0800404a   0x0800404a   0x00000002   PAD
    0x0800404c   0x0800404c   0x00000014   Code   RO         2809    .text.cJSON_Parse   cjson.o
    0x08004060   0x08004060   0x000000a0   Code   RO         2801    .text.cJSON_ParseWithOpts  cjson.o
    0x08004100   0x08004100   0x00000086   Code   RO         2825    .text.cJSON_strcasecmp  cjson.o
    0x08004186   0x08004186   0x00000002   PAD
    0x08004188   0x08004188   0x0000003e   Code   RO         2735    .text.ckout0_init   dci_ov2640.o
    0x080041c6   0x080041c6   0x00000002   PAD
    0x080041c8   0x080041c8   0x000000ca   Code   RO          141    .text.clear_area_on_image  tftlcd.o
    0x08004292   0x08004292   0x00000002   PAD
    0x08004294   0x08004294   0x00000082   Code   RO          143    .text.clear_text_area  tftlcd.o
    0x08004316   0x08004316   0x00000002   PAD
    0x08004318   0x08004318   0x00000250   Code   RO         2777    .text.dci_byte_read  sccb.o
    0x08004568   0x08004568   0x0000019c   Code   RO         2775    .text.dci_byte_write  sccb.o
    0x08004704   0x08004704   0x00000010   Code   RO          662    .text.dci_capture_disable  gd32f5xx_dci.o
    0x08004714   0x08004714   0x00000010   Code   RO          660    .text.dci_capture_enable  gd32f5xx_dci.o
    0x08004724   0x08004724   0x00000262   Code   RO         2729    .text.dci_config    dci_ov2640.o
    0x08004986   0x08004986   0x00000002   PAD
    0x08004988   0x08004988   0x00000010   Code   RO          656    .text.dci_enable    gd32f5xx_dci.o
    0x08004998   0x08004998   0x0000005c   Code   RO          654    .text.dci_init      gd32f5xx_dci.o
    0x080049f4   0x080049f4   0x00000096   Code   RO         2737    .text.dci_ov2640_id_read  dci_ov2640.o
    0x08004a8a   0x08004a8a   0x00000002   PAD
    0x08004a8c   0x08004a8c   0x000000f6   Code   RO         2733    .text.dci_ov2640_init  dci_ov2640.o
    0x08004b82   0x08004b82   0x00000002   PAD
    0x08004b84   0x08004b84   0x00000026   Code   RO           44    .text.delay_1ms     systick.o
    0x08004baa   0x08004baa   0x00000002   PAD
    0x08004bac   0x08004bac   0x00000020   Code   RO           46    .text.delay_decrement  systick.o
    0x08004bcc   0x08004bcc   0x00000022   Code   RO          739    .text.dma_channel_disable  gd32f5xx_dma.o
    0x08004bee   0x08004bee   0x00000002   PAD
    0x08004bf0   0x08004bf0   0x00000022   Code   RO          737    .text.dma_channel_enable  gd32f5xx_dma.o
    0x08004c12   0x08004c12   0x00000002   PAD
    0x08004c14   0x08004c14   0x00000048   Code   RO          747    .text.dma_channel_subperipheral_select  gd32f5xx_dma.o
    0x08004c5c   0x08004c5c   0x000000dc   Code   RO          701    .text.dma_deinit    gd32f5xx_dma.o
    0x08004d38   0x08004d38   0x00000046   Code   RO          761    .text.dma_interrupt_disable  gd32f5xx_dma.o
    0x08004d7e   0x08004d7e   0x00000002   PAD
    0x08004d80   0x08004d80   0x00000046   Code   RO          759    .text.dma_interrupt_enable  gd32f5xx_dma.o
    0x08004dc6   0x08004dc6   0x00000002   PAD
    0x08004dc8   0x08004dc8   0x00000066   Code   RO          765    .text.dma_interrupt_flag_clear  gd32f5xx_dma.o
    0x08004e2e   0x08004e2e   0x00000002   PAD
    0x08004e30   0x08004e30   0x000002de   Code   RO          763    .text.dma_interrupt_flag_get  gd32f5xx_dma.o
    0x0800510e   0x0800510e   0x00000002   PAD
    0x08005110   0x08005110   0x00000174   Code   RO          707    .text.dma_single_data_mode_init  gd32f5xx_dma.o
    0x08005284   0x08005284   0x00002662   Code   RO          133    .text.draw_char_on_image  tftlcd.o
    0x080078e6   0x080078e6   0x00000002   PAD
    0x080078e8   0x080078e8   0x0000004a   Code   RO          137    .text.draw_pixel_on_image  tftlcd.o
    0x08007932   0x08007932   0x00000002   PAD
    0x08007934   0x08007934   0x0000006a   Code   RO          135    .text.draw_string_on_image  tftlcd.o
    0x0800799e   0x0800799e   0x00000002   PAD
    0x080079a0   0x080079a0   0x00000064   Code   RO         1058    .text.exmc_flag_get  gd32f5xx_exmc.o
    0x08007a04   0x08007a04   0x00000024   Code   RO         1030    .text.exmc_sdram_command_config  gd32f5xx_exmc.o
    0x08007a28   0x08007a28   0x000001aa   Code   RO         1008    .text.exmc_sdram_init  gd32f5xx_exmc.o
    0x08007bd2   0x08007bd2   0x00000002   PAD
    0x08007bd4   0x08007bd4   0x00000026   Code   RO         1032    .text.exmc_sdram_refresh_count_set  gd32f5xx_exmc.o
    0x08007bfa   0x08007bfa   0x00000002   PAD
    0x08007bfc   0x08007bfc   0x00000340   Code   RO         2749    .text.exmc_synchronous_dynamic_ram_init  exmc_sdram.o
    0x08007f3c   0x08007f3c   0x0000010a   Code   RO         1075    .text.exti_init     gd32f5xx_exti.o
    0x08008046   0x08008046   0x00000002   PAD
    0x08008048   0x08008048   0x00000014   Code   RO         1095    .text.exti_interrupt_flag_clear  gd32f5xx_exti.o
    0x0800805c   0x0800805c   0x0000002e   Code   RO         1093    .text.exti_interrupt_flag_get  gd32f5xx_exti.o
    0x0800808a   0x0800808a   0x00000002   PAD
    0x0800808c   0x0800808c   0x00000034   Code   RO           16    .text.fputc         main.o
    0x080080c0   0x080080c0   0x0000008e   Code   RO         3026    .text.ft            hmac_sha1.o
    0x0800814e   0x0800814e   0x00000002   PAD
    0x08008150   0x08008150   0x0000000e   Code   RO           48    .text.get_tick_count  systick.o
    0x0800815e   0x0800815e   0x00000002   PAD
    0x08008160   0x08008160   0x000000d4   Code   RO         1280    .text.gpio_af_set   gd32f5xx_gpio.o
    0x08008234   0x08008234   0x00000010   Code   RO         1266    .text.gpio_bit_reset  gd32f5xx_gpio.o
    0x08008244   0x08008244   0x00000010   Code   RO         1264    .text.gpio_bit_set  gd32f5xx_gpio.o
    0x08008254   0x08008254   0x0000002a   Code   RO         1272    .text.gpio_input_bit_get  gd32f5xx_gpio.o
    0x0800827e   0x0800827e   0x00000002   PAD
    0x08008280   0x08008280   0x0000009c   Code   RO         1260    .text.gpio_mode_set  gd32f5xx_gpio.o
    0x0800831c   0x0800831c   0x00000092   Code   RO         1262    .text.gpio_output_options_set  gd32f5xx_gpio.o
    0x080083ae   0x080083ae   0x00000002   PAD
    0x080083b0   0x080083b0   0x00000238   Code   RO         3036    .text.hmac_sha1     hmac_sha1.o
    0x080085e8   0x080085e8   0x0000002a   Code   RO         1381    .text.i2c_ack_config  gd32f5xx_i2c.o
    0x08008612   0x08008612   0x00000002   PAD
    0x08008614   0x08008614   0x00000166   Code   RO         1375    .text.i2c_clock_config  gd32f5xx_i2c.o
    0x0800877a   0x0800877a   0x00000002   PAD
    0x0800877c   0x0800877c   0x0000000e   Code   RO         1401    .text.i2c_data_receive  gd32f5xx_i2c.o
    0x0800878a   0x0800878a   0x00000002   PAD
    0x0800878c   0x0800878c   0x00000014   Code   RO         1399    .text.i2c_data_transmit  gd32f5xx_i2c.o
    0x080087a0   0x080087a0   0x00000074   Code   RO         1373    .text.i2c_deinit    gd32f5xx_i2c.o
    0x08008814   0x08008814   0x00000012   Code   RO         1391    .text.i2c_enable    gd32f5xx_i2c.o
    0x08008826   0x08008826   0x00000002   PAD
    0x08008828   0x08008828   0x0000003e   Code   RO         1441    .text.i2c_flag_clear  gd32f5xx_i2c.o
    0x08008866   0x08008866   0x00000002   PAD
    0x08008868   0x08008868   0x0000003a   Code   RO         1439    .text.i2c_flag_get  gd32f5xx_i2c.o
    0x080088a2   0x080088a2   0x00000002   PAD
    0x080088a4   0x080088a4   0x0000002e   Code   RO         1385    .text.i2c_master_addressing  gd32f5xx_i2c.o
    0x080088d2   0x080088d2   0x00000002   PAD
    0x080088d4   0x080088d4   0x00000040   Code   RO         1377    .text.i2c_mode_addr_config  gd32f5xx_i2c.o
    0x08008914   0x08008914   0x00000012   Code   RO         1395    .text.i2c_start_on_bus  gd32f5xx_i2c.o
    0x08008926   0x08008926   0x00000002   PAD
    0x08008928   0x08008928   0x00000012   Code   RO         1397    .text.i2c_stop_on_bus  gd32f5xx_i2c.o
    0x0800893a   0x0800893a   0x00000002   PAD
    0x0800893c   0x0800893c   0x00000040   Code   RO           12    .text.image_display  main.o
    0x0800897c   0x0800897c   0x0000005c   Code   RO           10    .text.image_save    main.o
    0x080089d8   0x080089d8   0x00000060   Code   RO         3028    .text.k             hmac_sha1.o
    0x08008a38   0x08008a38   0x000000c4   Code   RO            6    .text.key_config    main.o
    0x08008afc   0x08008afc   0x00000152   Code   RO            8    .text.lcd_config    main.o
    0x08008c4e   0x08008c4e   0x00000002   PAD
    0x08008c50   0x08008c50   0x00000252   Code   RO           14    .text.lcd_gpio_config  main.o
    0x08008ea2   0x08008ea2   0x00000002   PAD
    0x08008ea4   0x08008ea4   0x00000288   Code   RO            2    .text.main          main.o
    0x0800912c   0x0800912c   0x00000016   Code   RO            4    .text.nvic_configuration  main.o
    0x08009142   0x08009142   0x00000002   PAD
    0x08009144   0x08009144   0x00000126   Code   RO         1673    .text.nvic_irq_enable  gd32f5xx_misc.o
    0x0800926a   0x0800926a   0x00000002   PAD
    0x0800926c   0x0800926c   0x0000001c   Code   RO         1671    .text.nvic_priority_group_set  gd32f5xx_misc.o
    0x08009288   0x08009288   0x00000028   Code   RO         1681    .text.nvic_vector_table_set  gd32f5xx_misc.o
    0x080092b0   0x080092b0   0x000000b0   Code   RO         2731    .text.ov2640_outsize_set  dci_ov2640.o
    0x08009360   0x08009360   0x00000100   Code   RO         2889    .text.parse_array   cjson.o
    0x08009460   0x08009460   0x000001f8   Code   RO         2893    .text.parse_hex4    cjson.o
    0x08009658   0x08009658   0x000002c8   Code   RO         2887    .text.parse_number  cjson.o
    0x08009920   0x08009920   0x0000019c   Code   RO         2891    .text.parse_object  cjson.o
    0x08009abc   0x08009abc   0x00000312   Code   RO         2885    .text.parse_string  cjson.o
    0x08009dce   0x08009dce   0x00000002   PAD
    0x08009dd0   0x08009dd0   0x00000102   Code   RO         2805    .text.parse_value   cjson.o
    0x08009ed2   0x08009ed2   0x00000002   PAD
    0x08009ed4   0x08009ed4   0x0000002a   Code   RO         1852    .text.rcu_ckout0_config  gd32f5xx_rcu.o
    0x08009efe   0x08009efe   0x00000002   PAD
    0x08009f00   0x08009f00   0x00000164   Code   RO         1914    .text.rcu_clock_freq_get  gd32f5xx_rcu.o
    0x0800a064   0x0800a064   0x0000003e   Code   RO         1888    .text.rcu_flag_get  gd32f5xx_rcu.o
    0x0800a0a2   0x0800a0a2   0x00000002   PAD
    0x0800a0a4   0x0800a0a4   0x00000028   Code   RO         1890    .text.rcu_osci_on   gd32f5xx_rcu.o
    0x0800a0cc   0x0800a0cc   0x000002f2   Code   RO         1824    .text.rcu_osci_stab_wait  gd32f5xx_rcu.o
    0x0800a3be   0x0800a3be   0x00000002   PAD
    0x0800a3c0   0x0800a3c0   0x00000028   Code   RO         1826    .text.rcu_periph_clock_enable  gd32f5xx_rcu.o
    0x0800a3e8   0x0800a3e8   0x00000028   Code   RO         1836    .text.rcu_periph_reset_disable  gd32f5xx_rcu.o
    0x0800a410   0x0800a410   0x00000028   Code   RO         1834    .text.rcu_periph_reset_enable  gd32f5xx_rcu.o
    0x0800a438   0x0800a438   0x00000056   Code   RO         1866    .text.rcu_pllsai_r_config  gd32f5xx_rcu.o
    0x0800a48e   0x0800a48e   0x00000002   PAD
    0x0800a490   0x0800a490   0x00000024   Code   RO         1884    .text.rcu_tli_clock_div_config  gd32f5xx_rcu.o
    0x0800a4b4   0x0800a4b4   0x00000044   Code   RO         3032    .text.rotl          hmac_sha1.o
    0x0800a4f8   0x0800a4f8   0x000000aa   Code   RO         2773    .text.sccb_config   sccb.o
    0x0800a5a2   0x0800a5a2   0x00000002   PAD
    0x0800a5a4   0x0800a5a4   0x0000031c   Code   RO         3034    .text.sha1          hmac_sha1.o
    0x0800a8c0   0x0800a8c0   0x00000042   Code   RO         2807    .text.skip          cjson.o
    0x0800a902   0x0800a902   0x00000002   PAD
    0x0800a904   0x0800a904   0x000000b4   Code   RO         2281    .text.syscfg_exti_line_config  gd32f5xx_syscfg.o
    0x0800a9b8   0x0800a9b8   0x00000032   Code   RO         2301    .text.syscfg_interrupt_flag_get  gd32f5xx_syscfg.o
    0x0800a9ea   0x0800a9ea   0x00000002   PAD
    0x0800a9ec   0x0800a9ec   0x00000168   Code   RO          204    .text.system_clock_200m_25m_hxtal  system_gd32f5xx.o
    0x0800ab54   0x0800ab54   0x00000008   Code   RO          198    .text.system_clock_config  system_gd32f5xx.o
    0x0800ab5c   0x0800ab5c   0x00000032   Code   RO           38    .text.systick_config  systick.o
    0x0800ab8e   0x0800ab8e   0x00000002   PAD
    0x0800ab90   0x0800ab90   0x00000310   Code   RO         2382    .text.timer_channel_output_config  gd32f5xx_timer.o
    0x0800aea0   0x0800aea0   0x0000008c   Code   RO         2384    .text.timer_channel_output_mode_config  gd32f5xx_timer.o
    0x0800af2c   0x0800af2c   0x00000046   Code   RO         2386    .text.timer_channel_output_pulse_value_config  gd32f5xx_timer.o
    0x0800af72   0x0800af72   0x00000002   PAD
    0x0800af74   0x0800af74   0x0000008c   Code   RO         2388    .text.timer_channel_output_shadow_config  gd32f5xx_timer.o
    0x0800b000   0x0800b000   0x000001e8   Code   RO         2312    .text.timer_deinit  gd32f5xx_timer.o
    0x0800b1e8   0x0800b1e8   0x00000012   Code   RO         2318    .text.timer_enable  gd32f5xx_timer.o
    0x0800b1fa   0x0800b1fa   0x00000002   PAD
    0x0800b1fc   0x0800b1fc   0x00000100   Code   RO         2316    .text.timer_init    gd32f5xx_timer.o
    0x0800b2fc   0x0800b2fc   0x00000038   Code   RO         2479    .text.tli_dither_config  gd32f5xx_tli.o
    0x0800b334   0x0800b334   0x00000012   Code   RO         2481    .text.tli_enable    gd32f5xx_tli.o
    0x0800b346   0x0800b346   0x00000002   PAD
    0x0800b348   0x0800b348   0x000000b8   Code   RO         2477    .text.tli_init      gd32f5xx_tli.o
    0x0800b400   0x0800b400   0x00000016   Code   RO         2501    .text.tli_layer_disable  gd32f5xx_tli.o
    0x0800b416   0x0800b416   0x00000002   PAD
    0x0800b418   0x0800b418   0x00000016   Code   RO         2499    .text.tli_layer_enable  gd32f5xx_tli.o
    0x0800b42e   0x0800b42e   0x00000002   PAD
    0x0800b430   0x0800b430   0x000000fa   Code   RO         2489    .text.tli_layer_init  gd32f5xx_tli.o
    0x0800b52a   0x0800b52a   0x00000002   PAD
    0x0800b52c   0x0800b52c   0x00000036   Code   RO         2485    .text.tli_reload_config  gd32f5xx_tli.o
    0x0800b562   0x0800b562   0x00000002   PAD
    0x0800b564   0x0800b564   0x00000158   Code   RO         2559    .text.usart_baudrate_set  gd32f5xx_usart.o
    0x0800b6bc   0x0800b6bc   0x00000010   Code   RO         2591    .text.usart_data_receive  gd32f5xx_usart.o
    0x0800b6cc   0x0800b6cc   0x00000014   Code   RO         2589    .text.usart_data_transmit  gd32f5xx_usart.o
    0x0800b6e0   0x0800b6e0   0x0000011e   Code   RO         2557    .text.usart_deinit  gd32f5xx_usart.o
    0x0800b7fe   0x0800b7fe   0x00000002   PAD
    0x0800b800   0x0800b800   0x00000012   Code   RO         2567    .text.usart_enable  gd32f5xx_usart.o
    0x0800b812   0x0800b812   0x00000002   PAD
    0x0800b814   0x0800b814   0x0000003a   Code   RO         2655    .text.usart_flag_get  gd32f5xx_usart.o
    0x0800b84e   0x0800b84e   0x00000002   PAD
    0x0800b850   0x0800b850   0x0000002a   Code   RO         2643    .text.usart_hardware_flow_cts_config  gd32f5xx_usart.o
    0x0800b87a   0x0800b87a   0x00000002   PAD
    0x0800b87c   0x0800b87c   0x0000002a   Code   RO         2641    .text.usart_hardware_flow_rts_config  gd32f5xx_usart.o
    0x0800b8a6   0x0800b8a6   0x00000002   PAD
    0x0800b8a8   0x0800b8a8   0x00000024   Code   RO         2659    .text.usart_interrupt_enable  gd32f5xx_usart.o
    0x0800b8cc   0x0800b8cc   0x0000001c   Code   RO         2665    .text.usart_interrupt_flag_clear  gd32f5xx_usart.o
    0x0800b8e8   0x0800b8e8   0x0000005e   Code   RO         2663    .text.usart_interrupt_flag_get  gd32f5xx_usart.o
    0x0800b946   0x0800b946   0x00000002   PAD
    0x0800b948   0x0800b948   0x0000001e   Code   RO         2561    .text.usart_parity_config  gd32f5xx_usart.o
    0x0800b966   0x0800b966   0x00000002   PAD
    0x0800b968   0x0800b968   0x0000002a   Code   RO         2573    .text.usart_receive_config  gd32f5xx_usart.o
    0x0800b992   0x0800b992   0x00000002   PAD
    0x0800b994   0x0800b994   0x0000001e   Code   RO         2565    .text.usart_stop_bit_set  gd32f5xx_usart.o
    0x0800b9b2   0x0800b9b2   0x00000002   PAD
    0x0800b9b4   0x0800b9b4   0x0000002a   Code   RO         2571    .text.usart_transmit_config  gd32f5xx_usart.o
    0x0800b9de   0x0800b9de   0x00000002   PAD
    0x0800b9e0   0x0800b9e0   0x0000001e   Code   RO         2563    .text.usart_word_length_set  gd32f5xx_usart.o
    0x0800b9fe   0x0800b9fe   0x00000002   PAD
    0x0800ba00   0x0800ba00   0x00000020   Code   RO         3119    i.__0printf         mc_w.l(printfa.o)
    0x0800ba20   0x0800ba20   0x00000034   Code   RO         3120    i.__0snprintf       mc_w.l(printfa.o)
    0x0800ba54   0x0800ba54   0x00000028   Code   RO         3121    i.__0sprintf        mc_w.l(printfa.o)
    0x0800ba7c   0x0800ba7c   0x00000030   Code   RO         3216    i.__ARM_fpclassify  m_wm.l(fpclassify.o)
    0x0800baac   0x0800baac   0x00000004   PAD
    0x0800bab0   0x0800bab0   0x00000c60   Code   RO         3084    i.__hardfp_pow      m_wm.l(pow.o)
    0x0800c710   0x0800c710   0x000000f8   Code   RO         3218    i.__kernel_poly     m_wm.l(poly.o)
    0x0800c808   0x0800c808   0x00000030   Code   RO         3196    i.__mathlib_dbl_divzero  m_wm.l(dunder.o)
    0x0800c838   0x0800c838   0x00000014   Code   RO         3198    i.__mathlib_dbl_infnan2  m_wm.l(dunder.o)
    0x0800c84c   0x0800c84c   0x00000004   PAD
    0x0800c850   0x0800c850   0x00000020   Code   RO         3199    i.__mathlib_dbl_invalid  m_wm.l(dunder.o)
    0x0800c870   0x0800c870   0x00000020   Code   RO         3200    i.__mathlib_dbl_overflow  m_wm.l(dunder.o)
    0x0800c890   0x0800c890   0x00000020   Code   RO         3202    i.__mathlib_dbl_underflow  m_wm.l(dunder.o)
    0x0800c8b0   0x0800c8b0   0x0000000e   Code   RO         3316    i.__scatterload_copy  mc_w.l(handlers.o)
    0x0800c8be   0x0800c8be   0x00000002   Code   RO         3317    i.__scatterload_null  mc_w.l(handlers.o)
    0x0800c8c0   0x0800c8c0   0x0000000e   Code   RO         3318    i.__scatterload_zeroinit  mc_w.l(handlers.o)
    0x0800c8ce   0x0800c8ce   0x00000002   PAD
    0x0800c8d0   0x0800c8d0   0x0000000c   Code   RO         3263    i.__set_errno       mc_w.l(errno.o)
    0x0800c8dc   0x0800c8dc   0x00000184   Code   RO         3126    i._fp_digits        mc_w.l(printfa.o)
    0x0800ca60   0x0800ca60   0x000006dc   Code   RO         3127    i._printf_core      mc_w.l(printfa.o)
    0x0800d13c   0x0800d13c   0x00000024   Code   RO         3128    i._printf_post_padding  mc_w.l(printfa.o)
    0x0800d160   0x0800d160   0x0000002e   Code   RO         3129    i._printf_pre_padding  mc_w.l(printfa.o)
    0x0800d18e   0x0800d18e   0x00000016   Code   RO         3130    i._snputc           mc_w.l(printfa.o)
    0x0800d1a4   0x0800d1a4   0x0000000a   Code   RO         3131    i._sputc            mc_w.l(printfa.o)
    0x0800d1ae   0x0800d1ae   0x00000018   Code   RO         3212    i.fabs              m_wm.l(fabs.o)
    0x0800d1c6   0x0800d1c6   0x00000002   PAD
    0x0800d1c8   0x0800d1c8   0x00000050   Code   RO         3146    i.free              mc_w.l(malloc.o)
    0x0800d218   0x0800d218   0x0000006c   Code   RO         3147    i.malloc            mc_w.l(malloc.o)
    0x0800d284   0x0800d284   0x0000006e   Code   RO         3223    i.sqrt              m_wm.l(sqrt.o)
    0x0800d2f2   0x0800d2f2   0x00000006   PAD
    0x0800d2f8   0x0800d2f8   0x00000088   Data   RO         3087    .constdata          m_wm.l(pow.o)
    0x0800d380   0x0800d380   0x00000008   Data   RO         3220    .constdata          m_wm.l(qnan.o)
    0x0800d388   0x0800d388   0x00000080   Data   RO         3018    .rodata.base64_dec_map  base64.o
    0x0800d408   0x0800d408   0x00000040   Data   RO         3017    .rodata.base64_enc_map  base64.o
    0x0800d448   0x0800d448   0x00000007   Data   RO         2915    .rodata.firstByteMark  cjson.o
    0x0800d44f   0x0800d44f   0x0003fc00   Data   RO         2766    .rodata.image_background0  picture.o
    0x0804d04f   0x0804d04f   0x0001fe00   Data   RO         2767    .rodata.image_background1  picture.o
    0x0806ce4f   0x0806ce4f   0x0000001c   Data   RO         2741    .rodata.ov2640_rgb565_reg_tbl  dci_ov2640.o
    0x0806ce6b   0x0806ce6b   0x00000162   Data   RO         2739    .rodata.ov2640_svga_init_reg_tbl  dci_ov2640.o
    0x0806cfcd   0x0806cfcd   0x00000094   Data   RO           24    .rodata.str1.1      main.o
    0x0806d061   0x0806d061   0x00000011   Data   RO          145    .rodata.str1.1      tftlcd.o
    0x0806d072   0x0806d072   0x00000032   Data   RO         2914    .rodata.str1.1      cjson.o
    0x0806d0a4   0x0806d0a4   0x0000009e   Data   RO         2942    .rodata.str1.1      esp8266.o
    0x0806d142   0x0806d142   0x0000003f   Data   RO         3005    .rodata.str1.1      mqttkit.o
    0x0806d181   0x0806d181   0x00000642   Data   RO         3068    .rodata.str1.1      onenet.o
    0x0806d7c3   0x0806d7c3   0x00000001   PAD
    0x0806d7c4   0x0806d7c4   0x00000020   Data   RO         3315    Region$$Table       anon$$obj.o


    Execution Region RW_IRAM1 (Exec base: 0x20000000, Load base: 0x0806d7e8, Size: 0x00000b00, Max: 0x00080000, ABSOLUTE)

    Exec Addr    Load Addr    Size         Type   Attr      Idx    E Section Name        Object

    0x20000000   0x0806d7e8   0x00000004   Data   RW         3241    .data               mc_w.l(stdout.o)
    0x20000004   0x0806d7ec   0x00000004   Data   RW         3259    .data               mc_w.l(mvars.o)
    0x20000008   0x0806d7f0   0x00000004   Data   RW         3260    .data               mc_w.l(mvars.o)
    0x2000000c   0x0806d7f4   0x00000004   Data   RW         3264    .data               mc_w.l(errno.o)
    0x20000010   0x0806d7f8   0x00000004   Data   RW          206    .data.SystemCoreClock  system_gd32f5xx.o
    0x20000014   0x0806d7fc   0x00000004   Data   RW         2913    .data.cJSON_free    cjson.o
    0x20000018   0x0806d800   0x00000004   Data   RW         2912    .data.cJSON_malloc  cjson.o
    0x2000001c   0x0806d804   0x00000004   PAD
    0x20000020   0x0806d808   0x00000008   Data   RW           52    .data.tick_count    systick.o
    0x20000028        -       0x00000002   Zero   RW         3071    .bss.OneNet_RevPro.pkt_id  onenet.o
    0x2000002a        -       0x00000014   Zero   RW           25    .bss.buf            main.o
    0x2000003e   0x0806d810   0x00000002   PAD
    0x20000040        -       0x00000008   Zero   RW           20    .bss.capture_time   main.o
    0x20000048        -       0x00000009   Zero   RW           26    .bss.cardid         main.o
    0x20000051   0x0806d810   0x00000003   PAD
    0x20000054        -       0x00000004   Zero   RW           53    .bss.delay          systick.o
    0x20000058        -       0x00000004   Zero   RW           22    .bss.door           main.o
    0x2000005c   0x0806d810   0x00000004   PAD
    0x20000060        -       0x00000008   Zero   RW           23    .bss.doortime       main.o
    0x20000068        -       0x00000004   Zero   RW         2911    .bss.ep             cjson.o
    0x2000006c        -       0x00000200   Zero   RW         2941    .bss.esp8266_buf    esp8266.o
    0x2000026c        -       0x00000002   Zero   RW         2939    .bss.esp8266_cnt    esp8266.o
    0x2000026e        -       0x00000002   Zero   RW         2940    .bss.esp8266_cntPre  esp8266.o
    0x20000270        -       0x00000001   Zero   RW         2943    .bss.huart3_rev_byte  esp8266.o
    0x20000271   0x0806d810   0x00000003   PAD
    0x20000274        -       0x00000004   Zero   RW         3067    .bss.led4           onenet.o
    0x20000278        -       0x00000004   Zero   RW           21    .bss.led_status     main.o
    0x2000027c        -       0x00000034   Zero   RW           28    .bss.tli_initstruct  main.o
    0x200002b0        -       0x00000028   Zero   RW           29    .bss.tli_layer0_initstruct  main.o
    0x200002d8        -       0x00000028   Zero   RW           27    .bss.tli_layer1_initstruct  main.o
    0x20000300        -       0x00000400   Zero   RW         2786    HEAP                startup_gd32f5xx.o
    0x20000700        -       0x00000400   Zero   RW         2785    STACK               startup_gd32f5xx.o


==============================================================================

Image component sizes


      Code (inc. data)   RO Data    RW Data    ZI Data      Debug   Object Name

      1120          0        192          0          0       2369   base64.o
      3566         60         57          8          4      20645   cjson.o
      1244          0        382          0          0       4555   dci_ov2640.o
       924          0        158          0        517       3645   esp8266.o
       872          0          0          0          0       4862   exmc_sdram.o
       140          0          0          0          0       5300   gd32f5xx_dci.o
      1708         64          0          0          0       8759   gd32f5xx_dma.o
       600          0          0          0          0      12371   gd32f5xx_exmc.o
       332          4          0          0          0       3202   gd32f5xx_exti.o
       588          0          0          0          0       5288   gd32f5xx_gpio.o
       834          0          0          0          0      10587   gd32f5xx_i2c.o
       598          0          0          0          0       3223   gd32f5xx_it.o
       362          0          0          0          0       6465   gd32f5xx_misc.o
      1496          4          0          0          0      16622   gd32f5xx_rcu.o
       230          4          0          0          0       6837   gd32f5xx_syscfg.o
      1896         20          0          0          0      18767   gd32f5xx_timer.o
       606          0          0          0          0       8106   gd32f5xx_tli.o
      1158          0          0          0          0      12376   gd32f5xx_usart.o
      1670          0          0          0          0       4317   hmac_sha1.o
       240          0          0          0          0       2460   led.o
      2482          0        148          0        185      10395   main.o
      3956          0         63          0          0      12401   mqttkit.o
      2708         38       1602          0          6       7007   onenet.o
         0          0     391680          0          0        564   picture.o
      2030          0          0          0          0       7011   rc522.o
      1174          0          0          0          0       3758   sccb.o
       190          0          0          0          0       2830   sg90.o
       100         14        480          0       2048       1072   startup_gd32f5xx.o
       874          0          0          4          0       3689   system_gd32f5xx.o
       312          0          0          8          4       5823   systick.o
     10446        118         17          0          0      13737   tftlcd.o
       546          0          0          0          0       4893   uart.o

    ----------------------------------------------------------------------
     45188        326     394812         24       2776     233936   Object Totals
         0          0         32          0          0          0   (incl. Generated)
       186          0          1          4         12          0   (incl. Padding)

    ----------------------------------------------------------------------

      Code (inc. data)   RO Data    RW Data    ZI Data      Debug   Library Member Name

       164         44          0          0          0        620   dunder.o
        24          0          0          0          0        124   fabs.o
        48          0          0          0          0        124   fpclassify.o
       248          0          0          0          0        152   poly.o
      3168        296        136          0          0        352   pow.o
         0          0          8          0          0          0   qnan.o
       110          0          0          0          0        148   sqrt.o
         0          0          0          0          0          0   entry.o
         0          0          0          0          0          0   entry10a.o
         0          0          0          0          0          0   entry11a.o
         8          4          0          0          0          0   entry2.o
         4          0          0          0          0          0   entry5.o
         0          0          0          0          0          0   entry7b.o
         0          0          0          0          0          0   entry8b.o
         8          4          0          0          0          0   entry9a.o
        12          6          0          4          0         68   errno.o
        30          0          0          0          0          0   handlers.o
        48         10          0          0          0         68   init.o
         0          0          0          0          0          0   iusefp.o
        30          0          0          0          0         68   llshl.o
        36          0          0          0          0         68   llsshr.o
        32          0          0          0          0         68   llushr.o
       188         20          0          0          0        160   malloc.o
        36          0          0          0          0         68   memcpya.o
        36          0          0          0          0        108   memseta.o
         0          0          0          8          0          0   mvars.o
      2382        100          0          0          0        760   printfa.o
         0          0          0          4          0          0   stdout.o
        24          0          0          0          0         68   strcat.o
        20          0          0          0          0         68   strchr.o
        18          0          0          0          0         68   strcpy.o
        14          0          0          0          0         68   strlen.o
        40          0          0          0          0         76   strncat.o
        30          0          0          0          0         80   strncmp.o
        36          0          0          0          0         80   strstr.o
        12          0          0          0          0         68   tolower.o
        44          0          0          0          0         80   uidiv.o
        98          0          0          0          0         92   uldiv.o
        48          0          0          0          0         68   cdrcmple.o
       334          0          0          0          0        148   dadd.o
       222          0          0          0          0        100   ddiv.o
       186          0          0          0          0        176   depilogue.o
        62          0          0          0          0         80   dfixi.o
        48          0          0          0          0         68   dfixul.o
        34          0          0          0          0         76   dflti.o
       228          0          0          0          0         96   dmul.o
        46          0          0          0          0         80   dscalb.o
       162          0          0          0          0        100   dsqrt.o

    ----------------------------------------------------------------------
      8340        484        144         16          0       4696   Library Totals
        22          0          0          0          0          0   (incl. Padding)

    ----------------------------------------------------------------------

      Code (inc. data)   RO Data    RW Data    ZI Data      Debug   Library Name

      3762        340        144          0          0       1520   m_wm.l
      3186        144          0         16          0       2184   mc_w.l
      1370          0          0          0          0        992   mf_w.l

    ----------------------------------------------------------------------
      8340        484        144         16          0       4696   Library Totals

    ----------------------------------------------------------------------

==============================================================================


      Code (inc. data)   RO Data    RW Data    ZI Data      Debug   

     53528        810     394956         40       2776     235588   Grand Totals
     53528        810     394956         40       2776     235588   ELF Image Totals
     53528        810     394956         40          0          0   ROM Totals

==============================================================================

    Total RO  Size (Code + RO Data)               448484 ( 437.97kB)
    Total RW  Size (RW Data + ZI Data)              2816 (   2.75kB)
    Total ROM Size (Code + RO Data + RW Data)     448524 ( 438.01kB)

==============================================================================

