<html>
<body>
<pre>
<h1>µVision Build Log</h1>
<h2>Tool Versions:</h2>
IDE-Version: ¦ÌVision V5.39.0.0
Copyright (C) 2023 ARM Ltd and ARM Germany GmbH. All rights reserved.
License Information: DM DUT_DMYL, DUT, LIC=KRMW3-A9QFJ-JJT6S-LBA24-4PU1A-JHZD8
 
Tool Versions:
Toolchain:       MDK-ARM Plus  Version: 5.39.0.0
Toolchain Path:  E:\Keil_v5\ARM\ARMCLANG\Bin
C Compiler:      ArmClang.exe V6.21
Assembler:       Armasm.exe V6.21
Linker/Locator:  ArmLink.exe V6.21
Library Manager: ArmAr.exe V6.21
Hex Converter:   FromElf.exe V6.21
CPU DLL:         
Dialog DLL:      
Target DLL:      CMSIS_AGDI_V8M.DLL V1.8.1.0
Dialog DLL:      TCM.DLL V1.56.4.0
 
<h2>Project:</h2>
E:\RT-Thread_Project\GD32F527_Demo_Suites_V1.2.0\GD32F527_Demo_Suites_V1.2.0\GD32F527I_EVAL_Demo_Suites\Projects\25_DCI_OV2640\MDK-ARM\GD32F527I_EVAL.uvprojx
Project File Date:  08/02/2025

<h2>Output:</h2>
*** Using Compiler 'V6.21', folder: 'E:\Keil_v5\ARM\ARMCLANG\Bin'
Build target 'GD32F527I_EVAL'
compiling main.c...
linking...
Program Size: Code=53528 RO-data=394956 RW-data=40 ZI-data=2776  
".\output\Project.axf" - 0 Error(s), 0 Warning(s).

<h2>Software Packages used:</h2>

Package Vendor: ARM
                http://www.keil.com/pack/ARM.CMSIS.5.9.0.pack
                ARM::CMSIS@5.9.0
                CMSIS (Common Microcontroller Software Interface Standard)
   * Component: CORE Version: 5.6.0

Package Vendor: GigaDevice
                https://gd32mcu.com/data/documents/pack/GigaDevice.GD32F5xx_DFP.1.2.1.pack
                GigaDevice::GD32F5xx_DFP@1.2.1
                GigaDevice GD32F5xx Series Device Support and Examples

<h2>Collection of Component include folders:</h2>
  ./RTE/_GD32F527I_EVAL
  E:/Keil_Packs/ARM/CMSIS/5.9.0/CMSIS/Core/Include

<h2>Collection of Component Files used:</h2>

   * Component: ARM::CMSIS:CORE@5.6.0
Build Time Elapsed:  00:00:02
</pre>
</body>
</html>
